ARM Linker, 5.02 [Build 28] [MDK-ARM Standard]

==============================================================================

Section Cross References

    main.o(.text) refers to delay.o(.text) for delay_init
    main.o(.text) refers to sys.o(.text) for NVIC_Configuration
    main.o(.text) refers to usart.o(.text) for uart_init
    main.o(.text) refers to led.o(.text) for LED_BOARD_Init
    main.o(.text) refers to key.o(.text) for IN_KEY_Init
    main.o(.text) refers to ssr.o(.text) for SSR_Init
    main.o(.text) refers to timer.o(.text) for TIM3_PWM_Init
    main.o(.text) refers to stm32f10x_tim.o(.text) for TIM_SetCompare3
    main.o(.text) refers to adc.o(.text) for Adc_Battery_Init
    main.o(.text) refers to dac.o(.text) for Dac1_Init
    main.o(.text) refers to buzz.o(.text) for BUZZ_Init
    main.o(.text) refers to max5395.o(.text) for MAX5395_Init
    main.o(.text) refers to stm32f10x_gpio.o(.text) for GPIO_ReadInputDataBit
    main.o(.text) refers to fflt_clz.o(x$fpl$ffltu) for __aeabi_ui2f
    main.o(.text) refers to f2d.o(x$fpl$f2d) for __aeabi_f2d
    main.o(.text) refers to dmul.o(x$fpl$dmul) for __aeabi_dmul
    main.o(.text) refers to d2f.o(x$fpl$d2f) for __aeabi_d2f
    main.o(.text) refers to dleqf.o(x$fpl$dleqf) for __aeabi_cdcmple
    main.o(.text) refers to main.o(.data) for bound
    main.o(.text) refers to usart.o(.data) for receive_one_payload
    main.o(.text) refers to usart.o(.bss) for USART_RX_BUF
    main.o(.text) refers to ssr.o(.data) for beep_toggle
    main.o(.text) refers to led.o(.data) for led6_toggle
    main.o(.text) refers to key.o(.data) for in_key2_pressed
    main.o(.text) refers to drleqf.o(x$fpl$drleqf) for __aeabi_cdrcmple
    main.o(.text) refers to daddsub_clz.o(x$fpl$dsub) for __aeabi_dsub
    main.o(.text) refers to daddsub_clz.o(x$fpl$drsb) for __aeabi_drsub
    main.o(.text) refers to ddiv.o(x$fpl$ddiv) for __aeabi_ddiv
    main.o(.text) refers to daddsub_clz.o(x$fpl$dadd) for __aeabi_dadd
    main.o(.text) refers to dfixu.o(x$fpl$dfixu) for __aeabi_d2uiz
    main.o(.text) refers to stm32f10x_usart.o(.text) for USART_SendData
    main.o(.text) refers to exti.o(.data) for turn_to_auto
    system_stm32f10x.o(.text) refers to system_stm32f10x.o(.data) for SystemCoreClock
    led.o(.text) refers to stm32f10x_rcc.o(.text) for RCC_APB2PeriphClockCmd
    led.o(.text) refers to stm32f10x_gpio.o(.text) for GPIO_Init
    key.o(.text) refers to stm32f10x_rcc.o(.text) for RCC_APB2PeriphClockCmd
    key.o(.text) refers to stm32f10x_gpio.o(.text) for GPIO_Init
    key.o(.text) refers to delay.o(.text) for delay_ms
    key.o(.text) refers to key.o(.data) for key_up
    wdg.o(.text) refers to stm32f10x_iwdg.o(.text) for IWDG_WriteAccessCmd
    timer.o(.text) refers to stm32f10x_rcc.o(.text) for RCC_APB1PeriphClockCmd
    timer.o(.text) refers to stm32f10x_tim.o(.text) for TIM_TimeBaseInit
    timer.o(.text) refers to misc.o(.text) for NVIC_Init
    timer.o(.text) refers to key.o(.text) for in_key_scan
    timer.o(.text) refers to stm32f10x_gpio.o(.text) for GPIO_PinRemapConfig
    timer.o(.text) refers to led.o(.data) for led1_toggle
    timer.o(.text) refers to ssr.o(.data) for beep_toggle
    myiic.o(.text) refers to stm32f10x_rcc.o(.text) for RCC_APB2PeriphClockCmd
    myiic.o(.text) refers to stm32f10x_gpio.o(.text) for GPIO_Init
    myiic.o(.text) refers to delay.o(.text) for delay_us
    ssr.o(.text) refers to stm32f10x_rcc.o(.text) for RCC_APB2PeriphClockCmd
    ssr.o(.text) refers to stm32f10x_gpio.o(.text) for GPIO_Init
    adc.o(.text) refers to stm32f10x_rcc.o(.text) for RCC_APB2PeriphClockCmd
    adc.o(.text) refers to stm32f10x_gpio.o(.text) for GPIO_Init
    adc.o(.text) refers to stm32f10x_adc.o(.text) for ADC_DeInit
    adc.o(.text) refers to delay.o(.text) for delay_ms
    buzz.o(.text) refers to stm32f10x_rcc.o(.text) for RCC_APB2PeriphClockCmd
    buzz.o(.text) refers to stm32f10x_gpio.o(.text) for GPIO_Init
    dac.o(.text) refers to stm32f10x_rcc.o(.text) for RCC_APB2PeriphClockCmd
    dac.o(.text) refers to stm32f10x_gpio.o(.text) for GPIO_Init
    dac.o(.text) refers to stm32f10x_dac.o(.text) for DAC_Init
    dac.o(.text) refers to fflt_clz.o(x$fpl$ffltu) for __aeabi_ui2f
    dac.o(.text) refers to fdiv.o(x$fpl$fdiv) for __aeabi_fdiv
    dac.o(.text) refers to fmul.o(x$fpl$fmul) for __aeabi_fmul
    dac.o(.text) refers to f2d.o(x$fpl$f2d) for __aeabi_f2d
    dac.o(.text) refers to ddiv.o(x$fpl$ddiv) for __aeabi_ddiv
    dac.o(.text) refers to d2f.o(x$fpl$d2f) for __aeabi_d2f
    dac.o(.text) refers to ffixu.o(x$fpl$ffixu) for __aeabi_f2uiz
    max5395.o(.text) refers to myiic.o(.text) for IIC_Init
    exti.o(.text) refers to stm32f10x_rcc.o(.text) for RCC_APB2PeriphClockCmd
    exti.o(.text) refers to stm32f10x_gpio.o(.text) for GPIO_EXTILineConfig
    exti.o(.text) refers to stm32f10x_exti.o(.text) for EXTI_Init
    exti.o(.text) refers to misc.o(.text) for NVIC_Init
[...]
    defsig_exit.o(.text) refers to usart.o(.text) for _sys_exit
    defsig_rtmem_inner.o(.text) refers to defsig_general.o(.text) for __default_signal_display
    __raise.o(.text) refers to defsig.o(CL$$defsig) for __default_signal_handler
    defsig_general.o(.text) refers to sys_wrch.o(.text) for _ttywrch
    sys_wrch.o(.text) refers (Special) to use_no_semi.o(.text) for __I$use$semihosting
    sys_wrch.o(.text) refers (Special) to indicate_semi.o(.text) for __semihosting_library_function
    defsig.o(CL$$defsig) refers to defsig_rtmem_inner.o(.text) for __rt_SIGRTMEM_inner
    defsig_abrt_inner.o(.text) refers to defsig_general.o(.text) for __default_signal_display
    defsig_fpe_inner.o(.text) refers to defsig_general.o(.text) for __default_signal_display
    defsig_rtred_inner.o(.text) refers to defsig_general.o(.text) for __default_signal_display
    defsig_stak_inner.o(.text) refers to defsig_general.o(.text) for __default_signal_display
    defsig_pvfn_inner.o(.text) refers to defsig_general.o(.text) for __default_signal_display
    defsig_cppl_inner.o(.text) refers to defsig_general.o(.text) for __default_signal_display
    defsig_segv_inner.o(.text) refers to defsig_general.o(.text) for __default_signal_display
    defsig_other.o(.text) refers to defsig_general.o(.text) for __default_signal_display


==============================================================================

Removing Unused input sections from the image.

    Removing wdg.o(.text), (44 bytes).
    Removing core_cm3.o(.emb_text), (32 bytes).
    Removing stm32f10x_iwdg.o(.text), (64 bytes).

3 unused section(s) (total 140 bytes) removed from the image.

==============================================================================

Image Symbol Table

    Local Symbols

    Symbol Name                              Value     Ov Type        Size  Object(Section)

    ../clib/angel/boardlib.s                 0x00000000   Number         0  boardinit1.o ABSOLUTE
    ../clib/angel/boardlib.s                 0x00000000   Number         0  boardinit2.o ABSOLUTE
    ../clib/angel/boardlib.s                 0x00000000   Number         0  boardinit3.o ABSOLUTE
    ../clib/angel/boardlib.s                 0x00000000   Number         0  boardshut.o ABSOLUTE
    ../clib/angel/handlers.s                 0x00000000   Number         0  __scatter_copy.o ABSOLUTE
    ../clib/angel/handlers.s                 0x00000000   Number         0  __scatter_zi.o ABSOLUTE
    ../clib/angel/kernel.s                   0x00000000   Number         0  rtentry.o ABSOLUTE
    ../clib/angel/kernel.s                   0x00000000   Number         0  rtentry2.o ABSOLUTE
    ../clib/angel/kernel.s                   0x00000000   Number         0  rtentry4.o ABSOLUTE
    ../clib/angel/kernel.s                   0x00000000   Number         0  rtexit.o ABSOLUTE
    ../clib/angel/kernel.s                   0x00000000   Number         0  rtexit2.o ABSOLUTE
    ../clib/angel/rt.s                       0x00000000   Number         0  rt_raise.o ABSOLUTE
    ../clib/angel/scatter.s                  0x00000000   Number         0  __scatter.o ABSOLUTE
    ../clib/angel/startup.s                  0x00000000   Number         0  __main.o ABSOLUTE
    ../clib/angel/sys.s                      0x00000000   Number         0  use_no_semi.o ABSOLUTE
    ../clib/angel/sys.s                      0x00000000   Number         0  sys_stackheap_outer.o ABSOLUTE
    ../clib/angel/sys.s                      0x00000000   Number         0  use_no_semi_2.o ABSOLUTE
    ../clib/angel/sys.s                      0x00000000   Number         0  libspace.o ABSOLUTE
    ../clib/angel/sys.s                      0x00000000   Number         0  indicate_semi.o ABSOLUTE
    ../clib/angel/sysapp.c                   0x00000000   Number         0  sys_command.o ABSOLUTE
    ../clib/angel/sysapp.c                   0x00000000   Number         0  sys_wrch.o ABSOLUTE
    ../clib/armsys.c                         0x00000000   Number         0  _get_argv_nomalloc.o ABSOLUTE
    ../clib/armsys.c                         0x00000000   Number         0  no_argv.o ABSOLUTE
    ../clib/armsys.c                         0x00000000   Number         0  argv_veneer.o ABSOLUTE
    ../clib/armsys.c                         0x00000000   Number         0  argv_veneer.o ABSOLUTE
    ../clib/heapalloc.c                      0x00000000   Number         0  hrguard.o ABSOLUTE
    ../clib/heapaux.c                        0x00000000   Number         0  heapauxi.o ABSOLUTE
    ../clib/libinit.s                        0x00000000   Number         0  libinit.o ABSOLUTE
    ../clib/libinit.s                        0x00000000   Number         0  libshutdown.o ABSOLUTE
    ../clib/libinit.s                        0x00000000   Number         0  libshutdown2.o ABSOLUTE
    ../clib/libinit.s                        0x00000000   Number         0  libinit2.o ABSOLUTE
    ../clib/signal.c                         0x00000000   Number         0  __raise.o ABSOLUTE
    ../clib/signal.c                         0x00000000   Number         0  defsig_rtmem_inner.o ABSOLUTE
    ../clib/signal.c                         0x00000000   Number         0  defsig_exit.o ABSOLUTE
    ../clib/signal.c                         0x00000000   Number         0  defsig_abrt_inner.o ABSOLUTE
    ../clib/signal.c                         0x00000000   Number         0  defsig_fpe_inner.o ABSOLUTE
    ../clib/signal.c                         0x00000000   Number         0  defsig_rtred_inner.o ABSOLUTE
    ../clib/signal.c                         0x00000000   Number         0  defsig_stak_inner.o ABSOLUTE
    ../clib/signal.c                         0x00000000   Number         0  defsig_pvfn_inner.o ABSOLUTE
    ../clib/signal.c                         0x00000000   Number         0  defsig_rtmem_outer.o ABSOLUTE
    ../clib/signal.c                         0x00000000   Number         0  defsig_cppl_inner.o ABSOLUTE
    ../clib/signal.c                         0x00000000   Number         0  defsig_rtmem_formal.o ABSOLUTE
    ../clib/signal.c                         0x00000000   Number         0  defsig_segv_inner.o ABSOLUTE
    ../clib/signal.c                         0x00000000   Number         0  defsig_other.o ABSOLUTE
    ../clib/signal.c                         0x00000000   Number         0  defsig_general.o ABSOLUTE
    ../clib/signal.s                         0x00000000   Number         0  defsig.o ABSOLUTE
    ../clib/stdlib.c                         0x00000000   Number         0  exit.o ABSOLUTE
    ../fplib/d2f.s                           0x00000000   Number         0  d2f.o ABSOLUTE
    ../fplib/daddsub.s                       0x00000000   Number         0  daddsub_clz.o ABSOLUTE
    ../fplib/dcmpi.s                         0x00000000   Number         0  dcmpi.o ABSOLUTE
    ../fplib/ddiv.s                          0x00000000   Number         0  ddiv.o ABSOLUTE
    ../fplib/dfixu.s                         0x00000000   Number         0  dfixu.o ABSOLUTE
    ../fplib/dleqf.s                         0x00000000   Number         0  dleqf.o ABSOLUTE
    ../fplib/dmul.s                          0x00000000   Number         0  dmul.o ABSOLUTE
    ../fplib/dnaninf.s                       0x00000000   Number         0  dnaninf.o ABSOLUTE
    ../fplib/dretinf.s                       0x00000000   Number         0  dretinf.o ABSOLUTE
    ../fplib/drleqf.s                        0x00000000   Number         0  drleqf.o ABSOLUTE
    ../fplib/f2d.s                           0x00000000   Number         0  f2d.o ABSOLUTE
    ../fplib/fdiv.s                          0x00000000   Number         0  fdiv.o ABSOLUTE
    ../fplib/ffixu.s                         0x00000000   Number         0  ffixu.o ABSOLUTE
    ../fplib/fflt.s                          0x00000000   Number         0  fflt_clz.o ABSOLUTE
    ../fplib/fmul.s                          0x00000000   Number         0  fmul.o ABSOLUTE
    ../fplib/fnaninf.s                       0x00000000   Number         0  fnaninf.o ABSOLUTE
    ../fplib/fpinit.s                        0x00000000   Number         0  fpinit.o ABSOLUTE
    ../fplib/fretinf.s                       0x00000000   Number         0  fretinf.o ABSOLUTE
    ../fplib/usenofp.s                       0x00000000   Number         0  usenofp.o ABSOLUTE
    ..\CORE\core_cm3.c                       0x00000000   Number         0  core_cm3.o ABSOLUTE
    ..\CORE\startup_stm32f10x_hd.s           0x00000000   Number         0  startup_stm32f10x_hd.o ABSOLUTE
    ..\HARDWARE\ADC\adc.c                    0x00000000   Number         0  adc.o ABSOLUTE
    ..\HARDWARE\BUZZ\buzz.c                  0x00000000   Number         0  buzz.o ABSOLUTE
    ..\HARDWARE\DAC\dac.c                    0x00000000   Number         0  dac.o ABSOLUTE
    ..\HARDWARE\EXTI\exti.c                  0x00000000   Number         0  exti.o ABSOLUTE
    ..\HARDWARE\IIC\myiic.c                  0x00000000   Number         0  myiic.o ABSOLUTE
    ..\HARDWARE\KEY\key.c                    0x00000000   Number         0  key.o ABSOLUTE
    ..\HARDWARE\LED\led.c                    0x00000000   Number         0  led.o ABSOLUTE
    ..\HARDWARE\MAX5395\max5395.c            0x00000000   Number         0  max5395.o ABSOLUTE
    ..\HARDWARE\SSR\ssr.c                    0x00000000   Number         0  ssr.o ABSOLUTE
    ..\HARDWARE\TIMER\timer.c                0x00000000   Number         0  timer.o ABSOLUTE
    ..\HARDWARE\WDG\wdg.c                    0x00000000   Number         0  wdg.o ABSOLUTE
    ..\STM32F10x_FWLib\src\misc.c            0x00000000   Number         0  misc.o ABSOLUTE
    ..\STM32F10x_FWLib\src\stm32f10x_adc.c   0x00000000   Number         0  stm32f10x_adc.o ABSOLUTE
    ..\STM32F10x_FWLib\src\stm32f10x_dac.c   0x00000000   Number         0  stm32f10x_dac.o ABSOLUTE
    ..\STM32F10x_FWLib\src\stm32f10x_exti.c  0x00000000   Number         0  stm32f10x_exti.o ABSOLUTE
    ..\STM32F10x_FWLib\src\stm32f10x_gpio.c  0x00000000   Number         0  stm32f10x_gpio.o ABSOLUTE
    ..\STM32F10x_FWLib\src\stm32f10x_iwdg.c  0x00000000   Number         0  stm32f10x_iwdg.o ABSOLUTE
    ..\STM32F10x_FWLib\src\stm32f10x_rcc.c   0x00000000   Number         0  stm32f10x_rcc.o ABSOLUTE
    ..\STM32F10x_FWLib\src\stm32f10x_tim.c   0x00000000   Number         0  stm32f10x_tim.o ABSOLUTE
    ..\STM32F10x_FWLib\src\stm32f10x_usart.c 0x00000000   Number         0  stm32f10x_usart.o ABSOLUTE
    ..\SYSTEM\delay\delay.c                  0x00000000   Number         0  delay.o ABSOLUTE
    ..\SYSTEM\sys\sys.c                      0x00000000   Number         0  sys.o ABSOLUTE
    ..\SYSTEM\usart\usart.c                  0x00000000   Number         0  usart.o ABSOLUTE
    ..\\CORE\\core_cm3.c                     0x00000000   Number         0  core_cm3.o ABSOLUTE
    dc.s                                     0x00000000   Number         0  dc.o ABSOLUTE
    main.c                                   0x00000000   Number         0  main.o ABSOLUTE
    stm32f10x_it.c                           0x00000000   Number         0  stm32f10x_it.o ABSOLUTE
    system_stm32f10x.c                       0x00000000   Number         0  system_stm32f10x.o ABSOLUTE
    RESET                                    0x08000000   Section      304  startup_stm32f10x_hd.o(RESET)
    !!!main                                  0x08000130   Section        8  __main.o(!!!main)
    !!!scatter                               0x08000138   Section       52  __scatter.o(!!!scatter)
    !!handler_copy                           0x0800016c   Section       26  __scatter_copy.o(!!handler_copy)
    !!handler_zi                             0x08000188   Section       28  __scatter_zi.o(!!handler_zi)
    .ARM.Collect$$libinit$$00000000          0x080001a4   Section        2  libinit.o(.ARM.Collect$$libinit$$00000000)
    .ARM.Collect$$libinit$$00000002          0x080001a6   Section        0  libinit2.o(.ARM.Collect$$libinit$$00000002)
    .ARM.Collect$$libinit$$00000008          0x080001a6   Section        0  libinit2.o(.ARM.Collect$$libinit$$00000008)
    .ARM.Collect$$libinit$$0000000A          0x080001a6   Section        0  libinit2.o(.ARM.Collect$$libinit$$0000000A)
    .ARM.Collect$$libinit$$0000000C          0x080001a6   Section        0  libinit2.o(.ARM.Collect$$libinit$$0000000C)
    .ARM.Collect$$libinit$$0000000F          0x080001a6   Section        0  libinit2.o(.ARM.Collect$$libinit$$0000000F)
    .ARM.Collect$$libinit$$00000011          0x080001a6   Section        0  libinit2.o(.ARM.Collect$$libinit$$00000011)
    .ARM.Collect$$libinit$$00000013          0x080001a6   Section        0  libinit2.o(.ARM.Collect$$libinit$$00000013)
    .ARM.Collect$$libinit$$00000015          0x080001a6   Section        0  libinit2.o(.ARM.Collect$$libinit$$00000015)
    .ARM.Collect$$libinit$$00000017          0x080001a6   Section        0  libinit2.o(.ARM.Collect$$libinit$$00000017)
    .ARM.Collect$$libinit$$00000019          0x080001a6   Section        0  libinit2.o(.ARM.Collect$$libinit$$00000019)
    .ARM.Collect$$libinit$$0000001B          0x080001a6   Section        0  libinit2.o(.ARM.Collect$$libinit$$0000001B)
    .ARM.Collect$$libinit$$0000001D          0x080001a6   Section        0  libinit2.o(.ARM.Collect$$libinit$$0000001D)
    .ARM.Collect$$libinit$$0000001F          0x080001a6   Section        0  libinit2.o(.ARM.Collect$$libinit$$0000001F)
    .ARM.Collect$$libinit$$00000021          0x080001a6   Section        0  libinit2.o(.ARM.Collect$$libinit$$00000021)
    .ARM.Collect$$libinit$$00000023          0x080001a6   Section        0  libinit2.o(.ARM.Collect$$libinit$$00000023)
    .ARM.Collect$$libinit$$0000002A          0x080001a6   Section        0  libinit2.o(.ARM.Collect$$libinit$$0000002A)
    .ARM.Collect$$libinit$$0000002C          0x080001a6   Section        0  libinit2.o(.ARM.Collect$$libinit$$0000002C)
    .ARM.Collect$$libinit$$0000002E          0x080001a6   Section        0  libinit2.o(.ARM.Collect$$libinit$$0000002E)
    .ARM.Collect$$libinit$$00000030          0x080001a6   Section        0  libinit2.o(.ARM.Collect$$libinit$$00000030)
    .ARM.Collect$$libinit$$00000031          0x080001a6   Section        2  libinit2.o(.ARM.Collect$$libinit$$00000031)
    .ARM.Collect$$libshutdown$$00000000      0x080001a8   Section        2  libshutdown.o(.ARM.Collect$$libshutdown$$00000000)
    .ARM.Collect$$libshutdown$$00000003      0x080001aa   Section        0  libshutdown2.o(.ARM.Collect$$libshutdown$$00000003)
    .ARM.Collect$$libshutdown$$00000006      0x080001aa   Section        0  libshutdown2.o(.ARM.Collect$$libshutdown$$00000006)
    .ARM.Collect$$libshutdown$$00000009      0x080001aa   Section        0  libshutdown2.o(.ARM.Collect$$libshutdown$$00000009)
    .ARM.Collect$$libshutdown$$0000000B      0x080001aa   Section        0  libshutdown2.o(.ARM.Collect$$libshutdown$$0000000B)
    .ARM.Collect$$libshutdown$$0000000E      0x080001aa   Section        0  libshutdown2.o(.ARM.Collect$$libshutdown$$0000000E)
    .ARM.Collect$$libshutdown$$0000000F      0x080001aa   Section        2  libshutdown2.o(.ARM.Collect$$libshutdown$$0000000F)
    .ARM.Collect$$rtentry$$00000000          0x080001ac   Section        0  rtentry.o(.ARM.Collect$$rtentry$$00000000)
    .ARM.Collect$$rtentry$$00000002          0x080001ac   Section        0  rtentry2.o(.ARM.Collect$$rtentry$$00000002)
    .ARM.Collect$$rtentry$$00000004          0x080001ac   Section        6  rtentry4.o(.ARM.Collect$$rtentry$$00000004)
    .ARM.Collect$$rtentry$$00000009          0x080001b2   Section        0  rtentry2.o(.ARM.Collect$$rtentry$$00000009)
    .ARM.Collect$$rtentry$$0000000A          0x080001b2   Section        4  rtentry2.o(.ARM.Collect$$rtentry$$0000000A)
    .ARM.Collect$$rtentry$$0000000C          0x080001b6   Section        0  rtentry2.o(.ARM.Collect$$rtentry$$0000000C)
    .ARM.Collect$$rtentry$$0000000D          0x080001b6   Section        8  rtentry2.o(.ARM.Collect$$rtentry$$0000000D)
    .ARM.Collect$$rtexit$$00000000           0x080001be   Section        2  rtexit.o(.ARM.Collect$$rtexit$$00000000)
    .ARM.Collect$$rtexit$$00000002           0x080001c0   Section        0  rtexit2.o(.ARM.Collect$$rtexit$$00000002)
    .ARM.Collect$$rtexit$$00000003           0x080001c0   Section        4  rtexit2.o(.ARM.Collect$$rtexit$$00000003)
    .ARM.Collect$$rtexit$$00000004           0x080001c4   Section        6  rtexit2.o(.ARM.Collect$$rtexit$$00000004)
    .text                                    0x080001cc   Section        0  main.o(.text)
    .text                                    0x08000820   Section        0  stm32f10x_it.o(.text)
    .text                                    0x0800083c   Section        0  system_stm32f10x.o(.text)
    SetSysClockTo72                          0x0800083d   Thumb Code   192  system_stm32f10x.o(.text)
    SetSysClock                              0x080008fd   Thumb Code     8  system_stm32f10x.o(.text)
    .text                                    0x08000a04   Section        0  led.o(.text)
    .text                                    0x08000b88   Section        0  key.o(.text)
    .text                                    0x08000f38   Section        0  timer.o(.text)
    .text                                    0x080011ec   Section        0  myiic.o(.text)
    .text                                    0x08001488   Section        0  ssr.o(.text)
    .text                                    0x080015b8   Section        0  adc.o(.text)
    .text                                    0x08001784   Section        0  buzz.o(.text)
    .text                                    0x080017bc   Section        0  dac.o(.text)
    .text                                    0x08001878   Section        0  max5395.o(.text)
    .text                                    0x0800194c   Section        0  exti.o(.text)
    .text                                    0x080019e0   Section        0  delay.o(.text)
    .text                                    0x08001ab0   Section        0  sys.o(.text)
    .text                                    0x08001abc   Section        0  usart.o(.text)
    .text                                    0x08001c6c   Section       64  startup_stm32f10x_hd.o(.text)
    .text                                    0x08001cac   Section        0  misc.o(.text)
    .text                                    0x08001d88   Section        0  stm32f10x_gpio.o(.text)
    .text                                    0x080020e0   Section        0  stm32f10x_rcc.o(.text)
    .text                                    0x0800247c   Section        0  stm32f10x_usart.o(.text)
    .text                                    0x08002884   Section        0  stm32f10x_exti.o(.text)
    .text                                    0x080029a0   Section        0  stm32f10x_tim.o(.text)
    TI4_Config                               0x08002e47   Thumb Code   130  stm32f10x_tim.o(.text)
    TI3_Config                               0x08002edb   Thumb Code   122  stm32f10x_tim.o(.text)
    TI2_Config                               0x08002f6f   Thumb Code   130  stm32f10x_tim.o(.text)
    TI1_Config                               0x08003003   Thumb Code   108  stm32f10x_tim.o(.text)
    .text                                    0x080037bc   Section        0  stm32f10x_adc.o(.text)
    .text                                    0x08003bf8   Section        0  stm32f10x_dac.o(.text)
    .text                                    0x08003d60   Section        2  use_no_semi_2.o(.text)
    .text                                    0x08003d62   Section        0  heapauxi.o(.text)
    .text                                    0x08003d68   Section        2  use_no_semi.o(.text)
    .text                                    0x08003d6a   Section       74  sys_stackheap_outer.o(.text)
    .text                                    0x08003db4   Section        0  exit.o(.text)
    .text                                    0x08003dc0   Section        8  libspace.o(.text)
    x$fpl$d2f                                0x08003dc8   Section       98  d2f.o(x$fpl$d2f)
    x$fpl$dadd                               0x08003e2c   Section      336  daddsub_clz.o(x$fpl$dadd)
    _dadd1                                   0x08003e3d   Thumb Code     0  daddsub_clz.o(x$fpl$dadd)
    x$fpl$dcmpinf                            0x08003f7c   Section       24  dcmpi.o(x$fpl$dcmpinf)
    x$fpl$ddiv                               0x08003f94   Section      688  ddiv.o(x$fpl$ddiv)
    ddiv_entry                               0x08003f9b   Thumb Code     0  ddiv.o(x$fpl$ddiv)
    x$fpl$dfixu                              0x08004244   Section       90  dfixu.o(x$fpl$dfixu)
    x$fpl$dleqf                              0x080042a0   Section      120  dleqf.o(x$fpl$dleqf)
    x$fpl$dmul                               0x08004318   Section      340  dmul.o(x$fpl$dmul)
    x$fpl$dnaninf                            0x0800446c   Section      156  dnaninf.o(x$fpl$dnaninf)
    x$fpl$dretinf                            0x08004508   Section       12  dretinf.o(x$fpl$dretinf)
    x$fpl$drleqf                             0x08004514   Section      108  drleqf.o(x$fpl$drleqf)
    x$fpl$drsb                               0x08004580   Section       22  daddsub_clz.o(x$fpl$drsb)
    x$fpl$dsub                               0x08004598   Section      468  daddsub_clz.o(x$fpl$dsub)
    _dsub1                                   0x080045a9   Thumb Code     0  daddsub_clz.o(x$fpl$dsub)
    x$fpl$f2d                                0x0800476c   Section       86  f2d.o(x$fpl$f2d)
    x$fpl$fdiv                               0x080047c4   Section      388  fdiv.o(x$fpl$fdiv)
    _fdiv1                                   0x080047c5   Thumb Code     0  fdiv.o(x$fpl$fdiv)
    x$fpl$ffixu                              0x08004948   Section       62  ffixu.o(x$fpl$ffixu)
    x$fpl$ffltu                              0x08004988   Section       38  fflt_clz.o(x$fpl$ffltu)
    x$fpl$fmul                               0x080049b0   Section      258  fmul.o(x$fpl$fmul)
    x$fpl$fnaninf                            0x08004ab2   Section      140  fnaninf.o(x$fpl$fnaninf)
    x$fpl$fretinf                            0x08004b3e   Section       10  fretinf.o(x$fpl$fretinf)
    x$fpl$usenofp                            0x08004b48   Section        0  usenofp.o(x$fpl$usenofp)
    .data                                    0x20000000   Section       18  main.o(.data)
    .data                                    0x20000014   Section       20  system_stm32f10x.o(.data)
    .data                                    0x20000028   Section        6  led.o(.data)
    .data                                    0x2000002e   Section       14  key.o(.data)
    key_up                                   0x20000039   Data           1  key.o(.data)
    key_up                                   0x2000003a   Data           1  key.o(.data)
    key_up                                   0x2000003b   Data           1  key.o(.data)
    .data                                    0x2000003c   Section        1  ssr.o(.data)
    .data                                    0x2000003d   Section        2  exti.o(.data)
    .data                                    0x20000040   Section        4  delay.o(.data)
    fac_us                                   0x20000040   Data           1  delay.o(.data)
    fac_ms                                   0x20000042   Data           2  delay.o(.data)
    .data                                    0x20000044   Section       12  usart.o(.data)
    .data                                    0x20000050   Section       20  stm32f10x_rcc.o(.data)
    APBAHBPrescTable                         0x20000050   Data          16  stm32f10x_rcc.o(.data)
    ADCPrescTable                            0x20000060   Data           4  stm32f10x_rcc.o(.data)
    .bss                                     0x20000064   Section       10  usart.o(.bss)
    .bss                                     0x20000070   Section       96  libspace.o(.bss)
    HEAP                                     0x200000d0   Section      512  startup_stm32f10x_hd.o(HEAP)
    Heap_Mem                                 0x200000d0   Data         512  startup_stm32f10x_hd.o(HEAP)
    STACK                                    0x200002d0   Section     1024  startup_stm32f10x_hd.o(STACK)
    Stack_Mem                                0x200002d0   Data        1024  startup_stm32f10x_hd.o(STACK)
    __initial_sp                             0x200006d0   Data           0  startup_stm32f10x_hd.o(STACK)

    Global Symbols

    Symbol Name                              Value     Ov Type        Size  Object(Section)

    BuildAttributes$$THM_ISAv4$P$D$K$B$S$PE$A:L22UL41UL21$X:L11$S22US41US21$IEEE1$IW$USESV6$~STKCKD$USESV7$~SHL$OSPACE$ROPI$EBA8$UX$STANDARDLIB$REQ8$PRES8$EABIv2 0x00000000   Number         0  anon$$obj.o ABSOLUTE
    __ARM_use_no_argv                        0x00000000   Number         0  main.o ABSOLUTE
    __ARM_exceptions_init                     - Undefined Weak Reference
    __alloca_initialize                       - Undefined Weak Reference
    __cpp_initialize__aeabi_                  - Undefined Weak Reference
    __cxa_finalize                            - Undefined Weak Reference
    __rt_locale                               - Undefined Weak Reference
    __sigvec_lookup                           - Undefined Weak Reference
    _atexit_init                              - Undefined Weak Reference
    _call_atexit_fns                          - Undefined Weak Reference
    _clock_init                               - Undefined Weak Reference
    _fp_trap_init                             - Undefined Weak Reference
    _fp_trap_shutdown                         - Undefined Weak Reference
    _get_lc_collate                           - Undefined Weak Reference
    _get_lc_ctype                             - Undefined Weak Reference
    _get_lc_monetary                          - Undefined Weak Reference
    _get_lc_numeric                           - Undefined Weak Reference
    _get_lc_time                              - Undefined Weak Reference
    _getenv_init                              - Undefined Weak Reference
    _handle_redirection                       - Undefined Weak Reference
    _init_alloc                               - Undefined Weak Reference
    _init_user_alloc                          - Undefined Weak Reference
    _initio                                   - Undefined Weak Reference
    _rand_init                                - Undefined Weak Reference
    _signal_finish                            - Undefined Weak Reference
    _signal_init                              - Undefined Weak Reference
    _terminate_alloc                          - Undefined Weak Reference
    _terminate_user_alloc                     - Undefined Weak Reference
    _terminateio                              - Undefined Weak Reference
    __Vectors_Size                           0x00000130   Number         0  startup_stm32f10x_hd.o ABSOLUTE
    __Vectors                                0x08000000   Data           4  startup_stm32f10x_hd.o(RESET)
    __Vectors_End                            0x08000130   Data           0  startup_stm32f10x_hd.o(RESET)
    __main                                   0x08000131   Thumb Code     8  __main.o(!!!main)
    __scatterload                            0x08000139   Thumb Code     0  __scatter.o(!!!scatter)
    __scatterload_rt2                        0x08000139   Thumb Code    44  __scatter.o(!!!scatter)
    __scatterload_rt2_thumb_only             0x08000139   Thumb Code     0  __scatter.o(!!!scatter)
    __scatterload_null                       0x08000147   Thumb Code     0  __scatter.o(!!!scatter)
    __scatterload_copy                       0x0800016d   Thumb Code    26  __scatter_copy.o(!!handler_copy)
    __scatterload_zeroinit                   0x08000189   Thumb Code    28  __scatter_zi.o(!!handler_zi)
    __rt_lib_init                            0x080001a5   Thumb Code     0  libinit.o(.ARM.Collect$$libinit$$00000000)
    __rt_lib_init_alloca_1                   0x080001a7   Thumb Code     0  libinit2.o(.ARM.Collect$$libinit$$0000002C)
    __rt_lib_init_argv_1                     0x080001a7   Thumb Code     0  libinit2.o(.ARM.Collect$$libinit$$0000002A)
    __rt_lib_init_atexit_1                   0x080001a7   Thumb Code     0  libinit2.o(.ARM.Collect$$libinit$$00000019)
    __rt_lib_init_clock_1                    0x080001a7   Thumb Code     0  libinit2.o(.ARM.Collect$$libinit$$0000001F)
    __rt_lib_init_cpp_1                      0x080001a7   Thumb Code     0  libinit2.o(.ARM.Collect$$libinit$$00000030)
    __rt_lib_init_exceptions_1               0x080001a7   Thumb Code     0  libinit2.o(.ARM.Collect$$libinit$$0000002E)
    __rt_lib_init_fp_1                       0x080001a7   Thumb Code     0  libinit2.o(.ARM.Collect$$libinit$$00000002)
    __rt_lib_init_fp_trap_1                  0x080001a7   Thumb Code     0  libinit2.o(.ARM.Collect$$libinit$$0000001D)
    __rt_lib_init_getenv_1                   0x080001a7   Thumb Code     0  libinit2.o(.ARM.Collect$$libinit$$00000021)
    __rt_lib_init_heap_1                     0x080001a7   Thumb Code     0  libinit2.o(.ARM.Collect$$libinit$$00000008)
    __rt_lib_init_lc_collate_1               0x080001a7   Thumb Code     0  libinit2.o(.ARM.Collect$$libinit$$0000000F)
    __rt_lib_init_lc_ctype_1                 0x080001a7   Thumb Code     0  libinit2.o(.ARM.Collect$$libinit$$00000011)
    __rt_lib_init_lc_monetary_1              0x080001a7   Thumb Code     0  libinit2.o(.ARM.Collect$$libinit$$00000013)
    __rt_lib_init_lc_numeric_1               0x080001a7   Thumb Code     0  libinit2.o(.ARM.Collect$$libinit$$00000015)
    __rt_lib_init_lc_time_1                  0x080001a7   Thumb Code     0  libinit2.o(.ARM.Collect$$libinit$$00000017)
    __rt_lib_init_rand_1                     0x080001a7   Thumb Code     0  libinit2.o(.ARM.Collect$$libinit$$0000000C)
    __rt_lib_init_return                     0x080001a7   Thumb Code     0  libinit2.o(.ARM.Collect$$libinit$$00000031)
    __rt_lib_init_signal_1                   0x080001a7   Thumb Code     0  libinit2.o(.ARM.Collect$$libinit$$0000001B)
    __rt_lib_init_stdio_1                    0x080001a7   Thumb Code     0  libinit2.o(.ARM.Collect$$libinit$$00000023)
    __rt_lib_init_user_alloc_1               0x080001a7   Thumb Code     0  libinit2.o(.ARM.Collect$$libinit$$0000000A)
    __rt_lib_shutdown                        0x080001a9   Thumb Code     0  libshutdown.o(.ARM.Collect$$libshutdown$$00000000)
    __rt_lib_shutdown_fp_trap_1              0x080001ab   Thumb Code     0  libshutdown2.o(.ARM.Collect$$libshutdown$$00000006)
    __rt_lib_shutdown_heap_1                 0x080001ab   Thumb Code     0  libshutdown2.o(.ARM.Collect$$libshutdown$$0000000E)
    __rt_lib_shutdown_return                 0x080001ab   Thumb Code     0  libshutdown2.o(.ARM.Collect$$libshutdown$$0000000F)
    __rt_lib_shutdown_signal_1               0x080001ab   Thumb Code     0  libshutdown2.o(.ARM.Collect$$libshutdown$$00000009)
    __rt_lib_shutdown_stdio_1                0x080001ab   Thumb Code     0  libshutdown2.o(.ARM.Collect$$libshutdown$$00000003)
    __rt_lib_shutdown_user_alloc_1           0x080001ab   Thumb Code     0  libshutdown2.o(.ARM.Collect$$libshutdown$$0000000B)
    __rt_entry                               0x080001ad   Thumb Code     0  rtentry.o(.ARM.Collect$$rtentry$$00000000)
    __rt_entry_presh_1                       0x080001ad   Thumb Code     0  rtentry2.o(.ARM.Collect$$rtentry$$00000002)
    __rt_entry_sh                            0x080001ad   Thumb Code     0  rtentry4.o(.ARM.Collect$$rtentry$$00000004)
    __rt_entry_li                            0x080001b3   Thumb Code     0  rtentry2.o(.ARM.Collect$$rtentry$$0000000A)
    __rt_entry_postsh_1                      0x080001b3   Thumb Code     0  rtentry2.o(.ARM.Collect$$rtentry$$00000009)
    __rt_entry_main                          0x080001b7   Thumb Code     0  rtentry2.o(.ARM.Collect$$rtentry$$0000000D)
    __rt_entry_postli_1                      0x080001b7   Thumb Code     0  rtentry2.o(.ARM.Collect$$rtentry$$0000000C)
    __rt_exit                                0x080001bf   Thumb Code     0  rtexit.o(.ARM.Collect$$rtexit$$00000000)
    __rt_exit_ls                             0x080001c1   Thumb Code     0  rtexit2.o(.ARM.Collect$$rtexit$$00000003)
    __rt_exit_prels_1                        0x080001c1   Thumb Code     0  rtexit2.o(.ARM.Collect$$rtexit$$00000002)
    __rt_exit_exit                           0x080001c5   Thumb Code     0  rtexit2.o(.ARM.Collect$$rtexit$$00000004)
    main                                     0x080001cd   Thumb Code  1544  main.o(.text)
    NMI_Handler                              0x08000821   Thumb Code     2  stm32f10x_it.o(.text)
    HardFault_Handler                        0x08000823   Thumb Code     4  stm32f10x_it.o(.text)
    MemManage_Handler                        0x08000827   Thumb Code     4  stm32f10x_it.o(.text)
    BusFault_Handler                         0x0800082b   Thumb Code     4  stm32f10x_it.o(.text)
    UsageFault_Handler                       0x0800082f   Thumb Code     4  stm32f10x_it.o(.text)
    SVC_Handler                              0x08000833   Thumb Code     2  stm32f10x_it.o(.text)
    DebugMon_Handler                         0x08000835   Thumb Code     2  stm32f10x_it.o(.text)
    PendSV_Handler                           0x08000837   Thumb Code     2  stm32f10x_it.o(.text)
    SysTick_Handler                          0x08000839   Thumb Code     2  stm32f10x_it.o(.text)
    SystemInit                               0x08000905   Thumb Code    78  system_stm32f10x.o(.text)
    SystemCoreClockUpdate                    0x08000953   Thumb Code   142  system_stm32f10x.o(.text)
    LED_Init                                 0x08000a05   Thumb Code    84  led.o(.text)
    LED_BOARD_Init                           0x08000a59   Thumb Code   290  led.o(.text)
    KEY_Init                                 0x08000b89   Thumb Code    72  key.o(.text)
    IN_KEY_Init                              0x08000bd1   Thumb Code   174  key.o(.text)
    KEY_Scan                                 0x08000c7f   Thumb Code   148  key.o(.text)
    key_scan                                 0x08000d13   Thumb Code   158  key.o(.text)
    in_key_scan                              0x08000db1   Thumb Code   318  key.o(.text)
    TIM4_Int_Init                            0x08000f39   Thumb Code    90  timer.o(.text)
    TIM4_IRQHandler                          0x08000f93   Thumb Code    28  timer.o(.text)
    GUA_Timer3_PWM_Status                    0x08000faf   Thumb Code    38  timer.o(.text)
    TIM3_PWM_Init                            0x08000fd5   Thumb Code   150  timer.o(.text)
    GUA_Timer3_PWM_SetDutyCycle              0x0800106b   Thumb Code    28  timer.o(.text)
    TIM6_Int_Init                            0x08001087   Thumb Code    88  timer.o(.text)
    TIM6_IRQHandler                          0x080010df   Thumb Code   194  timer.o(.text)
    IIC_Init                                 0x080011ed   Thumb Code    80  myiic.o(.text)
    IIC_Start                                0x0800123d   Thumb Code    68  myiic.o(.text)
    IIC_Stop                                 0x08001281   Thumb Code    66  myiic.o(.text)
    IIC_Wait_Ack                             0x080012c3   Thumb Code    82  myiic.o(.text)
    IIC_Ack                                  0x08001315   Thumb Code    72  myiic.o(.text)
    IIC_NAck                                 0x0800135d   Thumb Code    72  myiic.o(.text)
    IIC_Send_Byte                            0x080013a5   Thumb Code   108  myiic.o(.text)
    IIC_Read_Byte                            0x08001411   Thumb Code    98  myiic.o(.text)
    SSR_Init                                 0x08001489   Thumb Code   292  ssr.o(.text)
    Adc_Angle_Init                           0x080015b9   Thumb Code   132  adc.o(.text)
    Adc_Battery_Init                         0x0800163d   Thumb Code   132  adc.o(.text)
    Get_Adc_Angle                            0x080016c1   Thumb Code    46  adc.o(.text)
    Get_Adc_Battery                          0x080016ef   Thumb Code    46  adc.o(.text)
    Get_Adc_Battery_Average                  0x0800171d   Thumb Code    46  adc.o(.text)
    Get_Adc_Angle_Average                    0x0800174b   Thumb Code    46  adc.o(.text)
    BUZZ_Init                                0x08001785   Thumb Code    50  buzz.o(.text)
    Dac1_Init                                0x080017bd   Thumb Code    94  dac.o(.text)
    Dac1_Set_Vol                             0x0800181b   Thumb Code    80  dac.o(.text)
    MAX5395_Init                             0x08001879   Thumb Code     8  max5395.o(.text)
    MAX5395_Write_CMD                        0x08001881   Thumb Code    44  max5395.o(.text)
    MAX5395_Write_WIPER_Reg                  0x080018ad   Thumb Code    44  max5395.o(.text)
    MAX5395_Read_WIPER_Reg                   0x080018d9   Thumb Code    58  max5395.o(.text)
    MAX5395_Read_CONFIG_Reg                  0x08001913   Thumb Code    58  max5395.o(.text)
    EXTIX_Init                               0x0800194d   Thumb Code    78  exti.o(.text)
    EXTI9_5_IRQHandler                       0x0800199b   Thumb Code    58  exti.o(.text)
    delay_init                               0x080019e1   Thumb Code    50  delay.o(.text)
    delay_us                                 0x08001a13   Thumb Code    70  delay.o(.text)
    delay_ms                                 0x08001a59   Thumb Code    70  delay.o(.text)
    NVIC_Configuration                       0x08001ab1   Thumb Code    12  sys.o(.text)
    _sys_exit                                0x08001abd   Thumb Code     6  usart.o(.text)
    fputc                                    0x08001ac3   Thumb Code    32  usart.o(.text)
    uart_init                                0x08001ae3   Thumb Code   160  usart.o(.text)
    USART1_IRQHandler                        0x08001b83   Thumb Code   206  usart.o(.text)
    Reset_Handler                            0x08001c6d   Thumb Code     8  startup_stm32f10x_hd.o(.text)
    ADC1_2_IRQHandler                        0x08001c87   Thumb Code     0  startup_stm32f10x_hd.o(.text)
    ADC3_IRQHandler                          0x08001c87   Thumb Code     0  startup_stm32f10x_hd.o(.text)
    CAN1_RX1_IRQHandler                      0x08001c87   Thumb Code     0  startup_stm32f10x_hd.o(.text)
    CAN1_SCE_IRQHandler                      0x08001c87   Thumb Code     0  startup_stm32f10x_hd.o(.text)
    DMA1_Channel1_IRQHandler                 0x08001c87   Thumb Code     0  startup_stm32f10x_hd.o(.text)
    DMA1_Channel2_IRQHandler                 0x08001c87   Thumb Code     0  startup_stm32f10x_hd.o(.text)
    DMA1_Channel3_IRQHandler                 0x08001c87   Thumb Code     0  startup_stm32f10x_hd.o(.text)
    DMA1_Channel4_IRQHandler                 0x08001c87   Thumb Code     0  startup_stm32f10x_hd.o(.text)
    DMA1_Channel5_IRQHandler                 0x08001c87   Thumb Code     0  startup_stm32f10x_hd.o(.text)
    DMA1_Channel6_IRQHandler                 0x08001c87   Thumb Code     0  startup_stm32f10x_hd.o(.text)
    DMA1_Channel7_IRQHandler                 0x08001c87   Thumb Code     0  startup_stm32f10x_hd.o(.text)
    DMA2_Channel1_IRQHandler                 0x08001c87   Thumb Code     0  startup_stm32f10x_hd.o(.text)
    DMA2_Channel2_IRQHandler                 0x08001c87   Thumb Code     0  startup_stm32f10x_hd.o(.text)
    DMA2_Channel3_IRQHandler                 0x08001c87   Thumb Code     0  startup_stm32f10x_hd.o(.text)
    DMA2_Channel4_5_IRQHandler               0x08001c87   Thumb Code     0  startup_stm32f10x_hd.o(.text)
    EXTI0_IRQHandler                         0x08001c87   Thumb Code     0  startup_stm32f10x_hd.o(.text)
    EXTI15_10_IRQHandler                     0x08001c87   Thumb Code     0  startup_stm32f10x_hd.o(.text)
    EXTI1_IRQHandler                         0x08001c87   Thumb Code     0  startup_stm32f10x_hd.o(.text)
    EXTI2_IRQHandler                         0x08001c87   Thumb Code     0  startup_stm32f10x_hd.o(.text)
    EXTI3_IRQHandler                         0x08001c87   Thumb Code     0  startup_stm32f10x_hd.o(.text)
    EXTI4_IRQHandler                         0x08001c87   Thumb Code     0  startup_stm32f10x_hd.o(.text)
    FLASH_IRQHandler                         0x08001c87   Thumb Code     0  startup_stm32f10x_hd.o(.text)
    FSMC_IRQHandler                          0x08001c87   Thumb Code     0  startup_stm32f10x_hd.o(.text)
    I2C1_ER_IRQHandler                       0x08001c87   Thumb Code     0  startup_stm32f10x_hd.o(.text)
    I2C1_EV_IRQHandler                       0x08001c87   Thumb Code     0  startup_stm32f10x_hd.o(.text)
    I2C2_ER_IRQHandler                       0x08001c87   Thumb Code     0  startup_stm32f10x_hd.o(.text)
    I2C2_EV_IRQHandler                       0x08001c87   Thumb Code     0  startup_stm32f10x_hd.o(.text)
    PVD_IRQHandler                           0x08001c87   Thumb Code     0  startup_stm32f10x_hd.o(.text)
    RCC_IRQHandler                           0x08001c87   Thumb Code     0  startup_stm32f10x_hd.o(.text)
    RTCAlarm_IRQHandler                      0x08001c87   Thumb Code     0  startup_stm32f10x_hd.o(.text)
    RTC_IRQHandler                           0x08001c87   Thumb Code     0  startup_stm32f10x_hd.o(.text)
    SDIO_IRQHandler                          0x08001c87   Thumb Code     0  startup_stm32f10x_hd.o(.text)
    SPI1_IRQHandler                          0x08001c87   Thumb Code     0  startup_stm32f10x_hd.o(.text)
    SPI2_IRQHandler                          0x08001c87   Thumb Code     0  startup_stm32f10x_hd.o(.text)
    SPI3_IRQHandler                          0x08001c87   Thumb Code     0  startup_stm32f10x_hd.o(.text)
    TAMPER_IRQHandler                        0x08001c87   Thumb Code     0  startup_stm32f10x_hd.o(.text)
    TIM1_BRK_IRQHandler                      0x08001c87   Thumb Code     0  startup_stm32f10x_hd.o(.text)
    TIM1_CC_IRQHandler                       0x08001c87   Thumb Code     0  startup_stm32f10x_hd.o(.text)
    TIM1_TRG_COM_IRQHandler                  0x08001c87   Thumb Code     0  startup_stm32f10x_hd.o(.text)
    TIM1_UP_IRQHandler                       0x08001c87   Thumb Code     0  startup_stm32f10x_hd.o(.text)
    TIM2_IRQHandler                          0x08001c87   Thumb Code     0  startup_stm32f10x_hd.o(.text)
    TIM3_IRQHandler                          0x08001c87   Thumb Code     0  startup_stm32f10x_hd.o(.text)
    TIM5_IRQHandler                          0x08001c87   Thumb Code     0  startup_stm32f10x_hd.o(.text)
    TIM7_IRQHandler                          0x08001c87   Thumb Code     0  startup_stm32f10x_hd.o(.text)
    TIM8_BRK_IRQHandler                      0x08001c87   Thumb Code     0  startup_stm32f10x_hd.o(.text)
    TIM8_CC_IRQHandler                       0x08001c87   Thumb Code     0  startup_stm32f10x_hd.o(.text)
    TIM8_TRG_COM_IRQHandler                  0x08001c87   Thumb Code     0  startup_stm32f10x_hd.o(.text)
    TIM8_UP_IRQHandler                       0x08001c87   Thumb Code     0  startup_stm32f10x_hd.o(.text)
    UART4_IRQHandler                         0x08001c87   Thumb Code     0  startup_stm32f10x_hd.o(.text)
    UART5_IRQHandler                         0x08001c87   Thumb Code     0  startup_stm32f10x_hd.o(.text)
    USART2_IRQHandler                        0x08001c87   Thumb Code     0  startup_stm32f10x_hd.o(.text)
    USART3_IRQHandler                        0x08001c87   Thumb Code     0  startup_stm32f10x_hd.o(.text)
    USBWakeUp_IRQHandler                     0x08001c87   Thumb Code     0  startup_stm32f10x_hd.o(.text)
    USB_HP_CAN1_TX_IRQHandler                0x08001c87   Thumb Code     0  startup_stm32f10x_hd.o(.text)
    USB_LP_CAN1_RX0_IRQHandler               0x08001c87   Thumb Code     0  startup_stm32f10x_hd.o(.text)
    WWDG_IRQHandler                          0x08001c87   Thumb Code     0  startup_stm32f10x_hd.o(.text)
    __user_initial_stackheap                 0x08001c89   Thumb Code     0  startup_stm32f10x_hd.o(.text)
    NVIC_PriorityGroupConfig                 0x08001cad   Thumb Code    10  misc.o(.text)
    NVIC_Init                                0x08001cb7   Thumb Code   102  misc.o(.text)
    NVIC_SetVectorTable                      0x08001d1d   Thumb Code    14  misc.o(.text)
    NVIC_SystemLPConfig                      0x08001d2b   Thumb Code    34  misc.o(.text)
    SysTick_CLKSourceConfig                  0x08001d4d   Thumb Code    40  misc.o(.text)
    GPIO_DeInit                              0x08001d89   Thumb Code   172  stm32f10x_gpio.o(.text)
    GPIO_AFIODeInit                          0x08001e35   Thumb Code    20  stm32f10x_gpio.o(.text)
    GPIO_Init                                0x08001e49   Thumb Code   274  stm32f10x_gpio.o(.text)
    GPIO_StructInit                          0x08001f5b   Thumb Code    16  stm32f10x_gpio.o(.text)
    GPIO_ReadInputDataBit                    0x08001f6b   Thumb Code    18  stm32f10x_gpio.o(.text)
    GPIO_ReadInputData                       0x08001f7d   Thumb Code     8  stm32f10x_gpio.o(.text)
    GPIO_ReadOutputDataBit                   0x08001f85   Thumb Code    18  stm32f10x_gpio.o(.text)
    GPIO_ReadOutputData                      0x08001f97   Thumb Code     8  stm32f10x_gpio.o(.text)
    GPIO_SetBits                             0x08001f9f   Thumb Code     4  stm32f10x_gpio.o(.text)
    GPIO_ResetBits                           0x08001fa3   Thumb Code     4  stm32f10x_gpio.o(.text)
    GPIO_WriteBit                            0x08001fa7   Thumb Code    10  stm32f10x_gpio.o(.text)
    GPIO_Write                               0x08001fb1   Thumb Code     4  stm32f10x_gpio.o(.text)
    GPIO_PinLockConfig                       0x08001fb5   Thumb Code    18  stm32f10x_gpio.o(.text)
    GPIO_EventOutputConfig                   0x08001fc7   Thumb Code    26  stm32f10x_gpio.o(.text)
    GPIO_EventOutputCmd                      0x08001fe1   Thumb Code     6  stm32f10x_gpio.o(.text)
    GPIO_PinRemapConfig                      0x08001fe7   Thumb Code   138  stm32f10x_gpio.o(.text)
    GPIO_EXTILineConfig                      0x08002071   Thumb Code    66  stm32f10x_gpio.o(.text)
    GPIO_ETH_MediaInterfaceConfig            0x080020b3   Thumb Code     6  stm32f10x_gpio.o(.text)
    RCC_DeInit                               0x080020e1   Thumb Code    64  stm32f10x_rcc.o(.text)
    RCC_HSEConfig                            0x08002121   Thumb Code    70  stm32f10x_rcc.o(.text)
    RCC_GetFlagStatus                        0x08002167   Thumb Code    56  stm32f10x_rcc.o(.text)
    RCC_WaitForHSEStartUp                    0x0800219f   Thumb Code    48  stm32f10x_rcc.o(.text)
    RCC_AdjustHSICalibrationValue            0x080021cf   Thumb Code    20  stm32f10x_rcc.o(.text)
    RCC_HSICmd                               0x080021e3   Thumb Code     6  stm32f10x_rcc.o(.text)
    RCC_PLLConfig                            0x080021e9   Thumb Code    24  stm32f10x_rcc.o(.text)
    RCC_PLLCmd                               0x08002201   Thumb Code     6  stm32f10x_rcc.o(.text)
    RCC_SYSCLKConfig                         0x08002207   Thumb Code    18  stm32f10x_rcc.o(.text)
    RCC_GetSYSCLKSource                      0x08002219   Thumb Code    10  stm32f10x_rcc.o(.text)
    RCC_HCLKConfig                           0x08002223   Thumb Code    18  stm32f10x_rcc.o(.text)
    RCC_PCLK1Config                          0x08002235   Thumb Code    18  stm32f10x_rcc.o(.text)
    RCC_PCLK2Config                          0x08002247   Thumb Code    20  stm32f10x_rcc.o(.text)
    RCC_ITConfig                             0x0800225b   Thumb Code    26  stm32f10x_rcc.o(.text)
    RCC_USBCLKConfig                         0x08002275   Thumb Code     6  stm32f10x_rcc.o(.text)
    RCC_ADCCLKConfig                         0x0800227b   Thumb Code    18  stm32f10x_rcc.o(.text)
    RCC_LSEConfig                            0x0800228d   Thumb Code    44  stm32f10x_rcc.o(.text)
    RCC_LSICmd                               0x080022b9   Thumb Code     6  stm32f10x_rcc.o(.text)
    RCC_RTCCLKConfig                         0x080022bf   Thumb Code    12  stm32f10x_rcc.o(.text)
    RCC_RTCCLKCmd                            0x080022cb   Thumb Code     8  stm32f10x_rcc.o(.text)
    RCC_GetClocksFreq                        0x080022d3   Thumb Code   192  stm32f10x_rcc.o(.text)
    RCC_AHBPeriphClockCmd                    0x08002393   Thumb Code    26  stm32f10x_rcc.o(.text)
    RCC_APB2PeriphClockCmd                   0x080023ad   Thumb Code    26  stm32f10x_rcc.o(.text)
    RCC_APB1PeriphClockCmd                   0x080023c7   Thumb Code    26  stm32f10x_rcc.o(.text)
    RCC_APB2PeriphResetCmd                   0x080023e1   Thumb Code    26  stm32f10x_rcc.o(.text)
    RCC_APB1PeriphResetCmd                   0x080023fb   Thumb Code    26  stm32f10x_rcc.o(.text)
    RCC_BackupResetCmd                       0x08002415   Thumb Code     8  stm32f10x_rcc.o(.text)
    RCC_ClockSecuritySystemCmd               0x0800241d   Thumb Code     6  stm32f10x_rcc.o(.text)
    RCC_MCOConfig                            0x08002423   Thumb Code     6  stm32f10x_rcc.o(.text)
    RCC_ClearFlag                            0x08002429   Thumb Code    14  stm32f10x_rcc.o(.text)
    RCC_GetITStatus                          0x08002437   Thumb Code    20  stm32f10x_rcc.o(.text)
    RCC_ClearITPendingBit                    0x0800244b   Thumb Code     6  stm32f10x_rcc.o(.text)
    USART_DeInit                             0x0800247d   Thumb Code   134  stm32f10x_usart.o(.text)
    USART_Init                               0x08002503   Thumb Code   210  stm32f10x_usart.o(.text)
    USART_StructInit                         0x080025d5   Thumb Code    24  stm32f10x_usart.o(.text)
    USART_ClockInit                          0x080025ed   Thumb Code    34  stm32f10x_usart.o(.text)
    USART_ClockStructInit                    0x0800260f   Thumb Code    12  stm32f10x_usart.o(.text)
    USART_Cmd                                0x0800261b   Thumb Code    24  stm32f10x_usart.o(.text)
    USART_ITConfig                           0x08002633   Thumb Code    74  stm32f10x_usart.o(.text)
    USART_DMACmd                             0x0800267d   Thumb Code    18  stm32f10x_usart.o(.text)
    USART_SetAddress                         0x0800268f   Thumb Code    18  stm32f10x_usart.o(.text)
    USART_WakeUpConfig                       0x080026a1   Thumb Code    18  stm32f10x_usart.o(.text)
    USART_ReceiverWakeUpCmd                  0x080026b3   Thumb Code    24  stm32f10x_usart.o(.text)
    USART_LINBreakDetectLengthConfig         0x080026cb   Thumb Code    18  stm32f10x_usart.o(.text)
    USART_LINCmd                             0x080026dd   Thumb Code    24  stm32f10x_usart.o(.text)
    USART_SendData                           0x080026f5   Thumb Code     8  stm32f10x_usart.o(.text)
    USART_ReceiveData                        0x080026fd   Thumb Code    10  stm32f10x_usart.o(.text)
    USART_SendBreak                          0x08002707   Thumb Code    10  stm32f10x_usart.o(.text)
    USART_SetGuardTime                       0x08002711   Thumb Code    16  stm32f10x_usart.o(.text)
    USART_SetPrescaler                       0x08002721   Thumb Code    16  stm32f10x_usart.o(.text)
    USART_SmartCardCmd                       0x08002731   Thumb Code    24  stm32f10x_usart.o(.text)
    USART_SmartCardNACKCmd                   0x08002749   Thumb Code    24  stm32f10x_usart.o(.text)
    USART_HalfDuplexCmd                      0x08002761   Thumb Code    24  stm32f10x_usart.o(.text)
    USART_OverSampling8Cmd                   0x08002779   Thumb Code    22  stm32f10x_usart.o(.text)
    USART_OneBitMethodCmd                    0x0800278f   Thumb Code    24  stm32f10x_usart.o(.text)
    USART_IrDAConfig                         0x080027a7   Thumb Code    18  stm32f10x_usart.o(.text)
    USART_IrDACmd                            0x080027b9   Thumb Code    24  stm32f10x_usart.o(.text)
    USART_GetFlagStatus                      0x080027d1   Thumb Code    26  stm32f10x_usart.o(.text)
    USART_ClearFlag                          0x080027eb   Thumb Code    18  stm32f10x_usart.o(.text)
    USART_GetITStatus                        0x080027fd   Thumb Code    84  stm32f10x_usart.o(.text)
    USART_ClearITPendingBit                  0x08002851   Thumb Code    52  stm32f10x_usart.o(.text)
    EXTI_DeInit                              0x08002885   Thumb Code    28  stm32f10x_exti.o(.text)
    EXTI_Init                                0x080028a1   Thumb Code   142  stm32f10x_exti.o(.text)
    EXTI_StructInit                          0x0800292f   Thumb Code    16  stm32f10x_exti.o(.text)
    EXTI_GenerateSWInterrupt                 0x0800293f   Thumb Code    16  stm32f10x_exti.o(.text)
    EXTI_GetFlagStatus                       0x0800294f   Thumb Code    22  stm32f10x_exti.o(.text)
    EXTI_ClearFlag                           0x08002965   Thumb Code     8  stm32f10x_exti.o(.text)
    EXTI_GetITStatus                         0x0800296d   Thumb Code    34  stm32f10x_exti.o(.text)
    EXTI_ClearITPendingBit                   0x0800298f   Thumb Code     8  stm32f10x_exti.o(.text)
    TIM_DeInit                               0x080029a1   Thumb Code   424  stm32f10x_tim.o(.text)
    TIM_TimeBaseInit                         0x08002b49   Thumb Code   122  stm32f10x_tim.o(.text)
    TIM_OC1Init                              0x08002bc3   Thumb Code   132  stm32f10x_tim.o(.text)
    TIM_OC2Init                              0x08002c47   Thumb Code   154  stm32f10x_tim.o(.text)
    TIM_OC3Init                              0x08002ce1   Thumb Code   150  stm32f10x_tim.o(.text)
    TIM_OC4Init                              0x08002d77   Thumb Code   182  stm32f10x_tim.o(.text)
    TIM_SetIC4Prescaler                      0x08002e2d   Thumb Code    26  stm32f10x_tim.o(.text)
    TIM_SetIC3Prescaler                      0x08002ec9   Thumb Code    18  stm32f10x_tim.o(.text)
    TIM_SetIC2Prescaler                      0x08002f55   Thumb Code    26  stm32f10x_tim.o(.text)
    TIM_SetIC1Prescaler                      0x08002ff1   Thumb Code    18  stm32f10x_tim.o(.text)
    TIM_ICInit                               0x0800306f   Thumb Code   150  stm32f10x_tim.o(.text)
    TIM_PWMIConfig                           0x08003105   Thumb Code   124  stm32f10x_tim.o(.text)
    TIM_BDTRConfig                           0x08003181   Thumb Code    32  stm32f10x_tim.o(.text)
    TIM_TimeBaseStructInit                   0x080031a1   Thumb Code    18  stm32f10x_tim.o(.text)
    TIM_OCStructInit                         0x080031b3   Thumb Code    20  stm32f10x_tim.o(.text)
    TIM_ICStructInit                         0x080031c7   Thumb Code    18  stm32f10x_tim.o(.text)
    TIM_BDTRStructInit                       0x080031d9   Thumb Code    40  stm32f10x_tim.o(.text)
    TIM_Cmd                                  0x08003201   Thumb Code    24  stm32f10x_tim.o(.text)
    TIM_CtrlPWMOutputs                       0x08003219   Thumb Code    30  stm32f10x_tim.o(.text)
    TIM_ITConfig                             0x08003237   Thumb Code    18  stm32f10x_tim.o(.text)
    TIM_GenerateEvent                        0x08003249   Thumb Code     4  stm32f10x_tim.o(.text)
    TIM_DMAConfig                            0x0800324d   Thumb Code    10  stm32f10x_tim.o(.text)
    TIM_DMACmd                               0x08003257   Thumb Code    18  stm32f10x_tim.o(.text)
    TIM_InternalClockConfig                  0x08003269   Thumb Code    12  stm32f10x_tim.o(.text)
    TIM_SelectInputTrigger                   0x08003275   Thumb Code    18  stm32f10x_tim.o(.text)
    TIM_ITRxExternalClockConfig              0x08003287   Thumb Code    24  stm32f10x_tim.o(.text)
    TIM_TIxExternalClockConfig               0x0800329f   Thumb Code    62  stm32f10x_tim.o(.text)
    TIM_ETRConfig                            0x080032dd   Thumb Code    28  stm32f10x_tim.o(.text)
    TIM_ETRClockMode1Config                  0x080032f9   Thumb Code    54  stm32f10x_tim.o(.text)
    TIM_ETRClockMode2Config                  0x0800332f   Thumb Code    32  stm32f10x_tim.o(.text)
    TIM_PrescalerConfig                      0x0800334f   Thumb Code     6  stm32f10x_tim.o(.text)
    TIM_CounterModeConfig                    0x08003355   Thumb Code    18  stm32f10x_tim.o(.text)
    TIM_EncoderInterfaceConfig               0x08003367   Thumb Code    66  stm32f10x_tim.o(.text)
    TIM_ForcedOC1Config                      0x080033a9   Thumb Code    18  stm32f10x_tim.o(.text)
    TIM_ForcedOC2Config                      0x080033bb   Thumb Code    26  stm32f10x_tim.o(.text)
    TIM_ForcedOC3Config                      0x080033d5   Thumb Code    18  stm32f10x_tim.o(.text)
    TIM_ForcedOC4Config                      0x080033e7   Thumb Code    26  stm32f10x_tim.o(.text)
    TIM_ARRPreloadConfig                     0x08003401   Thumb Code    24  stm32f10x_tim.o(.text)
    TIM_SelectCOM                            0x08003419   Thumb Code    24  stm32f10x_tim.o(.text)
    TIM_SelectCCDMA                          0x08003431   Thumb Code    24  stm32f10x_tim.o(.text)
    TIM_CCPreloadControl                     0x08003449   Thumb Code    24  stm32f10x_tim.o(.text)
    TIM_OC1PreloadConfig                     0x08003461   Thumb Code    18  stm32f10x_tim.o(.text)
    TIM_OC2PreloadConfig                     0x08003473   Thumb Code    26  stm32f10x_tim.o(.text)
    TIM_OC3PreloadConfig                     0x0800348d   Thumb Code    18  stm32f10x_tim.o(.text)
    TIM_OC4PreloadConfig                     0x0800349f   Thumb Code    26  stm32f10x_tim.o(.text)
    TIM_OC1FastConfig                        0x080034b9   Thumb Code    18  stm32f10x_tim.o(.text)
    TIM_OC2FastConfig                        0x080034cb   Thumb Code    26  stm32f10x_tim.o(.text)
    TIM_OC3FastConfig                        0x080034e5   Thumb Code    18  stm32f10x_tim.o(.text)
    TIM_OC4FastConfig                        0x080034f7   Thumb Code    26  stm32f10x_tim.o(.text)
    TIM_ClearOC1Ref                          0x08003511   Thumb Code    18  stm32f10x_tim.o(.text)
    TIM_ClearOC2Ref                          0x08003523   Thumb Code    24  stm32f10x_tim.o(.text)
    TIM_ClearOC3Ref                          0x0800353b   Thumb Code    18  stm32f10x_tim.o(.text)
    TIM_ClearOC4Ref                          0x0800354d   Thumb Code    24  stm32f10x_tim.o(.text)
    TIM_OC1PolarityConfig                    0x08003565   Thumb Code    18  stm32f10x_tim.o(.text)
    TIM_OC1NPolarityConfig                   0x08003577   Thumb Code    18  stm32f10x_tim.o(.text)
    TIM_OC2PolarityConfig                    0x08003589   Thumb Code    26  stm32f10x_tim.o(.text)
    TIM_OC2NPolarityConfig                   0x080035a3   Thumb Code    26  stm32f10x_tim.o(.text)
    TIM_OC3PolarityConfig                    0x080035bd   Thumb Code    26  stm32f10x_tim.o(.text)
    TIM_OC3NPolarityConfig                   0x080035d7   Thumb Code    26  stm32f10x_tim.o(.text)
    TIM_OC4PolarityConfig                    0x080035f1   Thumb Code    26  stm32f10x_tim.o(.text)
    TIM_CCxCmd                               0x0800360b   Thumb Code    30  stm32f10x_tim.o(.text)
    TIM_CCxNCmd                              0x08003629   Thumb Code    30  stm32f10x_tim.o(.text)
    TIM_SelectOCxM                           0x08003647   Thumb Code    82  stm32f10x_tim.o(.text)
    TIM_UpdateDisableConfig                  0x08003699   Thumb Code    24  stm32f10x_tim.o(.text)
    TIM_UpdateRequestConfig                  0x080036b1   Thumb Code    24  stm32f10x_tim.o(.text)
    TIM_SelectHallSensor                     0x080036c9   Thumb Code    24  stm32f10x_tim.o(.text)
    TIM_SelectOnePulseMode                   0x080036e1   Thumb Code    18  stm32f10x_tim.o(.text)
    TIM_SelectOutputTrigger                  0x080036f3   Thumb Code    18  stm32f10x_tim.o(.text)
    TIM_SelectSlaveMode                      0x08003705   Thumb Code    18  stm32f10x_tim.o(.text)
    TIM_SelectMasterSlaveMode                0x08003717   Thumb Code    18  stm32f10x_tim.o(.text)
    TIM_SetCounter                           0x08003729   Thumb Code     4  stm32f10x_tim.o(.text)
    TIM_SetAutoreload                        0x0800372d   Thumb Code     4  stm32f10x_tim.o(.text)
    TIM_SetCompare1                          0x08003731   Thumb Code     4  stm32f10x_tim.o(.text)
    TIM_SetCompare2                          0x08003735   Thumb Code     4  stm32f10x_tim.o(.text)
    TIM_SetCompare3                          0x08003739   Thumb Code     4  stm32f10x_tim.o(.text)
    TIM_SetCompare4                          0x0800373d   Thumb Code     6  stm32f10x_tim.o(.text)
    TIM_SetClockDivision                     0x08003743   Thumb Code    18  stm32f10x_tim.o(.text)
    TIM_GetCapture1                          0x08003755   Thumb Code     6  stm32f10x_tim.o(.text)
    TIM_GetCapture2                          0x0800375b   Thumb Code     6  stm32f10x_tim.o(.text)
    TIM_GetCapture3                          0x08003761   Thumb Code     6  stm32f10x_tim.o(.text)
    TIM_GetCapture4                          0x08003767   Thumb Code     8  stm32f10x_tim.o(.text)
    TIM_GetCounter                           0x0800376f   Thumb Code     6  stm32f10x_tim.o(.text)
    TIM_GetPrescaler                         0x08003775   Thumb Code     6  stm32f10x_tim.o(.text)
    TIM_GetFlagStatus                        0x0800377b   Thumb Code    18  stm32f10x_tim.o(.text)
    TIM_ClearFlag                            0x0800378d   Thumb Code     6  stm32f10x_tim.o(.text)
    TIM_GetITStatus                          0x08003793   Thumb Code    34  stm32f10x_tim.o(.text)
    TIM_ClearITPendingBit                    0x080037b5   Thumb Code     6  stm32f10x_tim.o(.text)
    ADC_DeInit                               0x080037bd   Thumb Code    78  stm32f10x_adc.o(.text)
    ADC_Init                                 0x0800380b   Thumb Code    70  stm32f10x_adc.o(.text)
    ADC_StructInit                           0x08003851   Thumb Code    18  stm32f10x_adc.o(.text)
    ADC_Cmd                                  0x08003863   Thumb Code    22  stm32f10x_adc.o(.text)
    ADC_DMACmd                               0x08003879   Thumb Code    22  stm32f10x_adc.o(.text)
    ADC_ITConfig                             0x0800388f   Thumb Code    24  stm32f10x_adc.o(.text)
    ADC_ResetCalibration                     0x080038a7   Thumb Code    10  stm32f10x_adc.o(.text)
    ADC_GetResetCalibrationStatus            0x080038b1   Thumb Code    20  stm32f10x_adc.o(.text)
    ADC_StartCalibration                     0x080038c5   Thumb Code    10  stm32f10x_adc.o(.text)
    ADC_GetCalibrationStatus                 0x080038cf   Thumb Code    20  stm32f10x_adc.o(.text)
    ADC_SoftwareStartConvCmd                 0x080038e3   Thumb Code    22  stm32f10x_adc.o(.text)
    ADC_GetSoftwareStartConvStatus           0x080038f9   Thumb Code    20  stm32f10x_adc.o(.text)
    ADC_DiscModeChannelCountConfig           0x0800390d   Thumb Code    24  stm32f10x_adc.o(.text)
    ADC_DiscModeCmd                          0x08003925   Thumb Code    22  stm32f10x_adc.o(.text)
    ADC_RegularChannelConfig                 0x0800393b   Thumb Code   184  stm32f10x_adc.o(.text)
    ADC_ExternalTrigConvCmd                  0x080039f3   Thumb Code    22  stm32f10x_adc.o(.text)
    ADC_GetConversionValue                   0x08003a09   Thumb Code     8  stm32f10x_adc.o(.text)
    ADC_GetDualModeConversionValue           0x08003a11   Thumb Code     8  stm32f10x_adc.o(.text)
    ADC_AutoInjectedConvCmd                  0x08003a19   Thumb Code    22  stm32f10x_adc.o(.text)
    ADC_InjectedDiscModeCmd                  0x08003a2f   Thumb Code    22  stm32f10x_adc.o(.text)
    ADC_ExternalTrigInjectedConvConfig       0x08003a45   Thumb Code    16  stm32f10x_adc.o(.text)
    ADC_ExternalTrigInjectedConvCmd          0x08003a55   Thumb Code    22  stm32f10x_adc.o(.text)
    ADC_SoftwareStartInjectedConvCmd         0x08003a6b   Thumb Code    22  stm32f10x_adc.o(.text)
    ADC_GetSoftwareStartInjectedConvCmdStatus 0x08003a81   Thumb Code    20  stm32f10x_adc.o(.text)
    ADC_InjectedChannelConfig                0x08003a95   Thumb Code   130  stm32f10x_adc.o(.text)
    ADC_InjectedSequencerLengthConfig        0x08003b17   Thumb Code    24  stm32f10x_adc.o(.text)
    ADC_SetInjectedOffset                    0x08003b2f   Thumb Code    12  stm32f10x_adc.o(.text)
    ADC_GetInjectedConversionValue           0x08003b3b   Thumb Code    18  stm32f10x_adc.o(.text)
    ADC_AnalogWatchdogCmd                    0x08003b4d   Thumb Code    16  stm32f10x_adc.o(.text)
    ADC_AnalogWatchdogThresholdsConfig       0x08003b5d   Thumb Code     6  stm32f10x_adc.o(.text)
    ADC_AnalogWatchdogSingleChannelConfig    0x08003b63   Thumb Code    16  stm32f10x_adc.o(.text)
    ADC_TempSensorVrefintCmd                 0x08003b73   Thumb Code    38  stm32f10x_adc.o(.text)
    ADC_GetFlagStatus                        0x08003b99   Thumb Code    44  stm32f10x_adc.o(.text)
    ADC_ClearFlag                            0x08003bc5   Thumb Code     6  stm32f10x_adc.o(.text)
    ADC_GetITStatus                          0x08003bcb   Thumb Code    36  stm32f10x_adc.o(.text)
    ADC_ClearITPendingBit                    0x08003bef   Thumb Code    10  stm32f10x_adc.o(.text)
    DAC_DeInit                               0x08003bf9   Thumb Code    22  stm32f10x_dac.o(.text)
    DAC_Init                                 0x08003c0f   Thumb Code    46  stm32f10x_dac.o(.text)
    DAC_StructInit                           0x08003c3d   Thumb Code    12  stm32f10x_dac.o(.text)
    DAC_Cmd                                  0x08003c49   Thumb Code    34  stm32f10x_dac.o(.text)
    DAC_DMACmd                               0x08003c6b   Thumb Code    38  stm32f10x_dac.o(.text)
    DAC_SoftwareTriggerCmd                   0x08003c91   Thumb Code    48  stm32f10x_dac.o(.text)
    DAC_DualSoftwareTriggerCmd               0x08003cc1   Thumb Code    38  stm32f10x_dac.o(.text)
    DAC_WaveGenerationCmd                    0x08003ce7   Thumb Code    36  stm32f10x_dac.o(.text)
    DAC_SetChannel1Data                      0x08003d0b   Thumb Code    14  stm32f10x_dac.o(.text)
    DAC_SetChannel2Data                      0x08003d19   Thumb Code    14  stm32f10x_dac.o(.text)
    DAC_SetDualChannelData                   0x08003d27   Thumb Code    32  stm32f10x_dac.o(.text)
    DAC_GetDataOutputValue                   0x08003d47   Thumb Code    20  stm32f10x_dac.o(.text)
    __use_no_semihosting                     0x08003d61   Thumb Code     2  use_no_semi_2.o(.text)
    __use_two_region_memory                  0x08003d63   Thumb Code     2  heapauxi.o(.text)
    __rt_heap_escrow$2region                 0x08003d65   Thumb Code     2  heapauxi.o(.text)
    __rt_heap_expand$2region                 0x08003d67   Thumb Code     2  heapauxi.o(.text)
    __I$use$semihosting                      0x08003d69   Thumb Code     0  use_no_semi.o(.text)
    __use_no_semihosting_swi                 0x08003d69   Thumb Code     2  use_no_semi.o(.text)
    __user_setup_stackheap                   0x08003d6b   Thumb Code    74  sys_stackheap_outer.o(.text)
    exit                                     0x08003db5   Thumb Code    12  exit.o(.text)
    __user_libspace                          0x08003dc1   Thumb Code     8  libspace.o(.text)
    __user_perproc_libspace                  0x08003dc1   Thumb Code     0  libspace.o(.text)
    __user_perthread_libspace                0x08003dc1   Thumb Code     0  libspace.o(.text)
    __aeabi_d2f                              0x08003dc9   Thumb Code     0  d2f.o(x$fpl$d2f)
    _d2f                                     0x08003dc9   Thumb Code    98  d2f.o(x$fpl$d2f)
    __aeabi_dadd                             0x08003e2d   Thumb Code     0  daddsub_clz.o(x$fpl$dadd)
    _dadd                                    0x08003e2d   Thumb Code   332  daddsub_clz.o(x$fpl$dadd)
    __fpl_dcmp_Inf                           0x08003f7d   Thumb Code    24  dcmpi.o(x$fpl$dcmpinf)
    __aeabi_ddiv                             0x08003f95   Thumb Code     0  ddiv.o(x$fpl$ddiv)
    _ddiv                                    0x08003f95   Thumb Code   552  ddiv.o(x$fpl$ddiv)
    __aeabi_d2uiz                            0x08004245   Thumb Code     0  dfixu.o(x$fpl$dfixu)
    _dfixu                                   0x08004245   Thumb Code    90  dfixu.o(x$fpl$dfixu)
    __aeabi_cdcmple                          0x080042a1   Thumb Code     0  dleqf.o(x$fpl$dleqf)
    _dcmple                                  0x080042a1   Thumb Code   120  dleqf.o(x$fpl$dleqf)
    __fpl_dcmple_InfNaN                      0x08004303   Thumb Code     0  dleqf.o(x$fpl$dleqf)
    __aeabi_dmul                             0x08004319   Thumb Code     0  dmul.o(x$fpl$dmul)
    _dmul                                    0x08004319   Thumb Code   332  dmul.o(x$fpl$dmul)
    __fpl_dnaninf                            0x0800446d   Thumb Code   156  dnaninf.o(x$fpl$dnaninf)
    __fpl_dretinf                            0x08004509   Thumb Code    12  dretinf.o(x$fpl$dretinf)
    __aeabi_cdrcmple                         0x08004515   Thumb Code     0  drleqf.o(x$fpl$drleqf)
    _drcmple                                 0x08004515   Thumb Code   108  drleqf.o(x$fpl$drleqf)
    __aeabi_drsub                            0x08004581   Thumb Code     0  daddsub_clz.o(x$fpl$drsb)
    _drsb                                    0x08004581   Thumb Code    22  daddsub_clz.o(x$fpl$drsb)
    __aeabi_dsub                             0x08004599   Thumb Code     0  daddsub_clz.o(x$fpl$dsub)
    _dsub                                    0x08004599   Thumb Code   464  daddsub_clz.o(x$fpl$dsub)
    __aeabi_f2d                              0x0800476d   Thumb Code     0  f2d.o(x$fpl$f2d)
    _f2d                                     0x0800476d   Thumb Code    86  f2d.o(x$fpl$f2d)
    __aeabi_fdiv                             0x080047c5   Thumb Code     0  fdiv.o(x$fpl$fdiv)
    _fdiv                                    0x080047c5   Thumb Code   384  fdiv.o(x$fpl$fdiv)
    __aeabi_f2uiz                            0x08004949   Thumb Code     0  ffixu.o(x$fpl$ffixu)
    _ffixu                                   0x08004949   Thumb Code    62  ffixu.o(x$fpl$ffixu)
    __aeabi_ui2f                             0x08004989   Thumb Code     0  fflt_clz.o(x$fpl$ffltu)
    _ffltu                                   0x08004989   Thumb Code    38  fflt_clz.o(x$fpl$ffltu)
    __aeabi_fmul                             0x080049b1   Thumb Code     0  fmul.o(x$fpl$fmul)
    _fmul                                    0x080049b1   Thumb Code   258  fmul.o(x$fpl$fmul)
    __fpl_fnaninf                            0x08004ab3   Thumb Code   140  fnaninf.o(x$fpl$fnaninf)
    __fpl_fretinf                            0x08004b3f   Thumb Code    10  fretinf.o(x$fpl$fretinf)
    Region$$Table$$Base                      0x08004b48   Number         0  anon$$obj.o(Region$$Table)
    __I$use$fp                               0x08004b48   Number         0  usenofp.o(x$fpl$usenofp)
    Region$$Table$$Limit                     0x08004b68   Number         0  anon$$obj.o(Region$$Table)
    op_mode                                  0x20000000   Data           1  main.o(.data)
    payload_seq                              0x20000001   Data           1  main.o(.data)
    payload_cmd1                             0x20000002   Data           1  main.o(.data)
    payload_cmd2                             0x20000003   Data           1  main.o(.data)
    payload_cmd3                             0x20000004   Data           1  main.o(.data)
    bound                                    0x20000008   Data           4  main.o(.data)
    tim3_arr                                 0x2000000c   Data           2  main.o(.data)
    payload_feedback1                        0x2000000e   Data           1  main.o(.data)
    payload_feedback2                        0x2000000f   Data           1  main.o(.data)
    payload_feedback3                        0x20000010   Data           1  main.o(.data)
    tx_parity                                0x20000011   Data           1  main.o(.data)
    SystemCoreClock                          0x20000014   Data           4  system_stm32f10x.o(.data)
    AHBPrescTable                            0x20000018   Data          16  system_stm32f10x.o(.data)
    led1_toggle                              0x20000028   Data           1  led.o(.data)
    led2_toggle                              0x20000029   Data           1  led.o(.data)
    led3_toggle                              0x2000002a   Data           1  led.o(.data)
    led4_toggle                              0x2000002b   Data           1  led.o(.data)
    led5_toggle                              0x2000002c   Data           1  led.o(.data)
    led6_toggle                              0x2000002d   Data           1  led.o(.data)
    key_up_pressed                           0x2000002e   Data           1  key.o(.data)
    key_down_pressed                         0x2000002f   Data           1  key.o(.data)
    key_right_pressed                        0x20000030   Data           1  key.o(.data)
    in_key1_pressed                          0x20000031   Data           1  key.o(.data)
    in_key2_pressed                          0x20000032   Data           1  key.o(.data)
    in_key3_pressed                          0x20000033   Data           1  key.o(.data)
    in_key4_pressed                          0x20000034   Data           1  key.o(.data)
    in_key5_pressed                          0x20000035   Data           1  key.o(.data)
    in_key6_pressed                          0x20000036   Data           1  key.o(.data)
    in_key7_pressed                          0x20000037   Data           1  key.o(.data)
    in_key8_pressed                          0x20000038   Data           1  key.o(.data)
    beep_toggle                              0x2000003c   Data           1  ssr.o(.data)
    turn_to_auto                             0x2000003d   Data           1  exti.o(.data)
    turn_to_manual                           0x2000003e   Data           1  exti.o(.data)
    USART_RX_STA                             0x20000044   Data           2  usart.o(.data)
    receive_one_payload                      0x20000046   Data           1  usart.o(.data)
    rx_parity                                0x20000047   Data           1  usart.o(.data)
    payload_length                           0x20000048   Data           1  usart.o(.data)
    __stdout                                 0x2000004c   Data           4  usart.o(.data)
    USART_RX_BUF                             0x20000064   Data          10  usart.o(.bss)
    __libspace_start                         0x20000070   Data          96  libspace.o(.bss)
    __temporary_stack_top$libspace           0x200000d0   Data           0  libspace.o(.bss)



==============================================================================

Memory Map of the image

  Image Entry point : 0x08000131

  Load Region LR_IROM1 (Base: 0x08000000, Size: 0x00004bcc, Max: 0x00040000, ABSOLUTE)

    Execution Region ER_IROM1 (Base: 0x08000000, Size: 0x00004b68, Max: 0x00040000, ABSOLUTE)

    Base Addr    Size         Type   Attr      Idx    E Section Name        Object

    0x08000000   0x00000130   Data   RO          384    RESET               startup_stm32f10x_hd.o
    0x08000130   0x00000008   Code   RO          505  * !!!main             c_w.l(__main.o)
    0x08000138   0x00000034   Code   RO          708    !!!scatter          c_w.l(__scatter.o)
    0x0800016c   0x0000001a   Code   RO          710    !!handler_copy      c_w.l(__scatter_copy.o)
    0x08000186   0x00000002   PAD
    0x08000188   0x0000001c   Code   RO          712    !!handler_zi        c_w.l(__scatter_zi.o)
    0x080001a4   0x00000002   Code   RO          585    .ARM.Collect$$libinit$$00000000  c_w.l(libinit.o)
    0x080001a6   0x00000000   Code   RO          592    .ARM.Collect$$libinit$$00000002  c_w.l(libinit2.o)
    0x080001a6   0x00000000   Code   RO          595    .ARM.Collect$$libinit$$00000008  c_w.l(libinit2.o)
    0x080001a6   0x00000000   Code   RO          597    .ARM.Collect$$libinit$$0000000A  c_w.l(libinit2.o)
    0x080001a6   0x00000000   Code   RO          599    .ARM.Collect$$libinit$$0000000C  c_w.l(libinit2.o)
    0x080001a6   0x00000000   Code   RO          602    .ARM.Collect$$libinit$$0000000F  c_w.l(libinit2.o)
    0x080001a6   0x00000000   Code   RO          604    .ARM.Collect$$libinit$$00000011  c_w.l(libinit2.o)
    0x080001a6   0x00000000   Code   RO          606    .ARM.Collect$$libinit$$00000013  c_w.l(libinit2.o)
    0x080001a6   0x00000000   Code   RO          608    .ARM.Collect$$libinit$$00000015  c_w.l(libinit2.o)
    0x080001a6   0x00000000   Code   RO          610    .ARM.Collect$$libinit$$00000017  c_w.l(libinit2.o)
    0x080001a6   0x00000000   Code   RO          612    .ARM.Collect$$libinit$$00000019  c_w.l(libinit2.o)
    0x080001a6   0x00000000   Code   RO          614    .ARM.Collect$$libinit$$0000001B  c_w.l(libinit2.o)
    0x080001a6   0x00000000   Code   RO          616    .ARM.Collect$$libinit$$0000001D  c_w.l(libinit2.o)
    0x080001a6   0x00000000   Code   RO          618    .ARM.Collect$$libinit$$0000001F  c_w.l(libinit2.o)
    0x080001a6   0x00000000   Code   RO          620    .ARM.Collect$$libinit$$00000021  c_w.l(libinit2.o)
    0x080001a6   0x00000000   Code   RO          622    .ARM.Collect$$libinit$$00000023  c_w.l(libinit2.o)
    0x080001a6   0x00000000   Code   RO          626    .ARM.Collect$$libinit$$0000002A  c_w.l(libinit2.o)
    0x080001a6   0x00000000   Code   RO          628    .ARM.Collect$$libinit$$0000002C  c_w.l(libinit2.o)
    0x080001a6   0x00000000   Code   RO          630    .ARM.Collect$$libinit$$0000002E  c_w.l(libinit2.o)
    0x080001a6   0x00000000   Code   RO          632    .ARM.Collect$$libinit$$00000030  c_w.l(libinit2.o)
    0x080001a6   0x00000002   Code   RO          633    .ARM.Collect$$libinit$$00000031  c_w.l(libinit2.o)
    0x080001a8   0x00000002   Code   RO          651    .ARM.Collect$$libshutdown$$00000000  c_w.l(libshutdown.o)
    0x080001aa   0x00000000   Code   RO          662    .ARM.Collect$$libshutdown$$00000003  c_w.l(libshutdown2.o)
    0x080001aa   0x00000000   Code   RO          665    .ARM.Collect$$libshutdown$$00000006  c_w.l(libshutdown2.o)
    0x080001aa   0x00000000   Code   RO          668    .ARM.Collect$$libshutdown$$00000009  c_w.l(libshutdown2.o)
    0x080001aa   0x00000000   Code   RO          670    .ARM.Collect$$libshutdown$$0000000B  c_w.l(libshutdown2.o)
    0x080001aa   0x00000000   Code   RO          673    .ARM.Collect$$libshutdown$$0000000E  c_w.l(libshutdown2.o)
    0x080001aa   0x00000002   Code   RO          674    .ARM.Collect$$libshutdown$$0000000F  c_w.l(libshutdown2.o)
    0x080001ac   0x00000000   Code   RO          549    .ARM.Collect$$rtentry$$00000000  c_w.l(rtentry.o)
    0x080001ac   0x00000000   Code   RO          562    .ARM.Collect$$rtentry$$00000002  c_w.l(rtentry2.o)
    0x080001ac   0x00000006   Code   RO          574    .ARM.Collect$$rtentry$$00000004  c_w.l(rtentry4.o)
    0x080001b2   0x00000000   Code   RO          564    .ARM.Collect$$rtentry$$00000009  c_w.l(rtentry2.o)
    0x080001b2   0x00000004   Code   RO          565    .ARM.Collect$$rtentry$$0000000A  c_w.l(rtentry2.o)
    0x080001b6   0x00000000   Code   RO          567    .ARM.Collect$$rtentry$$0000000C  c_w.l(rtentry2.o)
    0x080001b6   0x00000008   Code   RO          568    .ARM.Collect$$rtentry$$0000000D  c_w.l(rtentry2.o)
    0x080001be   0x00000002   Code   RO          589    .ARM.Collect$$rtexit$$00000000  c_w.l(rtexit.o)
    0x080001c0   0x00000000   Code   RO          635    .ARM.Collect$$rtexit$$00000002  c_w.l(rtexit2.o)
    0x080001c0   0x00000004   Code   RO          636    .ARM.Collect$$rtexit$$00000003  c_w.l(rtexit2.o)
    0x080001c4   0x00000006   Code   RO          637    .ARM.Collect$$rtexit$$00000004  c_w.l(rtexit2.o)
    0x080001ca   0x00000002   PAD
    0x080001cc   0x00000654   Code   RO            1    .text               main.o
    0x08000820   0x0000001a   Code   RO          110    .text               stm32f10x_it.o
    0x0800083a   0x00000002   PAD
    0x0800083c   0x000001c8   Code   RO          142    .text               system_stm32f10x.o
    0x08000a04   0x00000184   Code   RO          160    .text               led.o
    0x08000b88   0x000003b0   Code   RO          178    .text               key.o
    0x08000f38   0x000002b4   Code   RO          214    .text               timer.o
    0x080011ec   0x0000029c   Code   RO          226    .text               myiic.o
    0x08001488   0x00000130   Code   RO          238    .text               ssr.o
    0x080015b8   0x000001cc   Code   RO          256    .text               adc.o
    0x08001784   0x00000038   Code   RO          268    .text               buzz.o
    0x080017bc   0x000000bc   Code   RO          280    .text               dac.o
    0x08001878   0x000000d4   Code   RO          292    .text               max5395.o
    0x0800194c   0x00000094   Code   RO          304    .text               exti.o
    0x080019e0   0x000000d0   Code   RO          322    .text               delay.o
    0x08001ab0   0x0000000c   Code   RO          336    .text               sys.o
    0x08001abc   0x000001b0   Code   RO          348    .text               usart.o
    0x08001c6c   0x00000040   Code   RO          385    .text               startup_stm32f10x_hd.o
    0x08001cac   0x000000dc   Code   RO          389    .text               misc.o
    0x08001d88   0x00000358   Code   RO          401    .text               stm32f10x_gpio.o
    0x080020e0   0x0000039c   Code   RO          413    .text               stm32f10x_rcc.o
    0x0800247c   0x00000408   Code   RO          427    .text               stm32f10x_usart.o
    0x08002884   0x0000011c   Code   RO          451    .text               stm32f10x_exti.o
    0x080029a0   0x00000e1a   Code   RO          463    .text               stm32f10x_tim.o
    0x080037ba   0x00000002   PAD
    0x080037bc   0x0000043c   Code   RO          475    .text               stm32f10x_adc.o
    0x08003bf8   0x00000168   Code   RO          487    .text               stm32f10x_dac.o
    0x08003d60   0x00000002   Code   RO          501    .text               c_w.l(use_no_semi_2.o)
    0x08003d62   0x00000006   Code   RO          503    .text               c_w.l(heapauxi.o)
    0x08003d68   0x00000002   Code   RO          547    .text               c_w.l(use_no_semi.o)
    0x08003d6a   0x0000004a   Code   RO          576    .text               c_w.l(sys_stackheap_outer.o)
    0x08003db4   0x0000000c   Code   RO          578    .text               c_w.l(exit.o)
    0x08003dc0   0x00000008   Code   RO          586    .text               c_w.l(libspace.o)
    0x08003dc8   0x00000062   Code   RO          507    x$fpl$d2f           fz_ws.l(d2f.o)
    0x08003e2a   0x00000002   PAD
    0x08003e2c   0x00000150   Code   RO          509    x$fpl$dadd          fz_ws.l(daddsub_clz.o)
    0x08003f7c   0x00000018   Code   RO          550    x$fpl$dcmpinf       fz_ws.l(dcmpi.o)
    0x08003f94   0x000002b0   Code   RO          516    x$fpl$ddiv          fz_ws.l(ddiv.o)
    0x08004244   0x0000005a   Code   RO          519    x$fpl$dfixu         fz_ws.l(dfixu.o)
    0x0800429e   0x00000002   PAD
    0x080042a0   0x00000078   Code   RO          523    x$fpl$dleqf         fz_ws.l(dleqf.o)
    0x08004318   0x00000154   Code   RO          525    x$fpl$dmul          fz_ws.l(dmul.o)
    0x0800446c   0x0000009c   Code   RO          552    x$fpl$dnaninf       fz_ws.l(dnaninf.o)
    0x08004508   0x0000000c   Code   RO          554    x$fpl$dretinf       fz_ws.l(dretinf.o)
    0x08004514   0x0000006c   Code   RO          527    x$fpl$drleqf        fz_ws.l(drleqf.o)
    0x08004580   0x00000016   Code   RO          510    x$fpl$drsb          fz_ws.l(daddsub_clz.o)
    0x08004596   0x00000002   PAD
    0x08004598   0x000001d4   Code   RO          511    x$fpl$dsub          fz_ws.l(daddsub_clz.o)
    0x0800476c   0x00000056   Code   RO          529    x$fpl$f2d           fz_ws.l(f2d.o)
    0x080047c2   0x00000002   PAD
    0x080047c4   0x00000184   Code   RO          532    x$fpl$fdiv          fz_ws.l(fdiv.o)
    0x08004948   0x0000003e   Code   RO          535    x$fpl$ffixu         fz_ws.l(ffixu.o)
    0x08004986   0x00000002   PAD
    0x08004988   0x00000026   Code   RO          539    x$fpl$ffltu         fz_ws.l(fflt_clz.o)
    0x080049ae   0x00000002   PAD
    0x080049b0   0x00000102   Code   RO          545    x$fpl$fmul          fz_ws.l(fmul.o)
    0x08004ab2   0x0000008c   Code   RO          556    x$fpl$fnaninf       fz_ws.l(fnaninf.o)
    0x08004b3e   0x0000000a   Code   RO          558    x$fpl$fretinf       fz_ws.l(fretinf.o)
    0x08004b48   0x00000000   Code   RO          560    x$fpl$usenofp       fz_ws.l(usenofp.o)
    0x08004b48   0x00000020   Data   RO          706    Region$$Table       anon$$obj.o


    Execution Region RW_IRAM1 (Base: 0x20000000, Size: 0x000006d0, Max: 0x0000c000, ABSOLUTE)

    Base Addr    Size         Type   Attr      Idx    E Section Name        Object

    0x20000000   0x00000012   Data   RW            2    .data               main.o
    0x20000012   0x00000002   PAD
    0x20000014   0x00000014   Data   RW          143    .data               system_stm32f10x.o
    0x20000028   0x00000006   Data   RW          161    .data               led.o
    0x2000002e   0x0000000e   Data   RW          179    .data               key.o
    0x2000003c   0x00000001   Data   RW          239    .data               ssr.o
    0x2000003d   0x00000002   Data   RW          305    .data               exti.o
    0x2000003f   0x00000001   PAD
    0x20000040   0x00000004   Data   RW          323    .data               delay.o
    0x20000044   0x0000000c   Data   RW          350    .data               usart.o
    0x20000050   0x00000014   Data   RW          414    .data               stm32f10x_rcc.o
    0x20000064   0x0000000a   Zero   RW          349    .bss                usart.o
    0x2000006e   0x00000002   PAD
    0x20000070   0x00000060   Zero   RW          587    .bss                c_w.l(libspace.o)
    0x200000d0   0x00000200   Zero   RW          383    HEAP                startup_stm32f10x_hd.o
    0x200002d0   0x00000400   Zero   RW          382    STACK               startup_stm32f10x_hd.o


==============================================================================

Image component sizes


      Code (inc. data)   RO Data    RW Data    ZI Data      Debug   Object Name

       460         12          0          0          0       1826   adc.o
        56          6          0          0          0        416   buzz.o
         0          0          0          0          0         32   core_cm3.o
       188         14          0          0          0        709   dac.o
       208         18          0          4          0        871   delay.o
       148         12          0          2          0        846   exti.o
       944         74          0         14          0       2305   key.o
       388         14          0          6          0       1100   led.o
      1620        208          0         18          0     269491   main.o
       212          0          0          0          0       1212   max5395.o
       220         20          0          0          0       1653   misc.o
       668         22          0          0          0       1804   myiic.o
       304         12          0          1          0        709   ssr.o
        64         26        304          0       1536        724   startup_stm32f10x_hd.o
      1084         26          0          0          0      10665   stm32f10x_adc.o
       360          6          0          0          0       3414   stm32f10x_dac.o
       284         10          0          0          0       2087   stm32f10x_exti.o
       856         40          0          0          0       5497   stm32f10x_gpio.o
        26          0          0          0          0       1106   stm32f10x_it.o
       924         44          0         20          0       8588   stm32f10x_rcc.o
      3610         88          0          0          0      21984   stm32f10x_tim.o
      1032         22          0          0          0       8224   stm32f10x_usart.o
        12          0          0          0          0        377   sys.o
       456         36          0         20          0       1523   system_stm32f10x.o
       692         76          0          0          0       2078   timer.o
       432         28          0         12         10       3119   usart.o

    ----------------------------------------------------------------------
     15252        814        336        100       1548     352360   Object Totals
         0          0         32          0          0          0   (incl. Generated)
         4          0          0          3          2          0   (incl. Padding)

    ----------------------------------------------------------------------

      Code (inc. data)   RO Data    RW Data    ZI Data      Debug   Library Member Name

         8          0          0          0          0         68   __main.o
        52          8          0          0          0          0   __scatter.o
        26          0          0          0          0          0   __scatter_copy.o
        28          0          0          0          0          0   __scatter_zi.o
        12          0          0          0          0         72   exit.o
         6          0          0          0          0        152   heapauxi.o
         2          0          0          0          0          0   libinit.o
         2          0          0          0          0          0   libinit2.o
         2          0          0          0          0          0   libshutdown.o
         2          0          0          0          0          0   libshutdown2.o
         8          4          0          0         96         68   libspace.o
         0          0          0          0          0          0   rtentry.o
        12          0          0          0          0          0   rtentry2.o
         6          0          0          0          0          0   rtentry4.o
         2          0          0          0          0          0   rtexit.o
        10          0          0          0          0          0   rtexit2.o
        74          0          0          0          0         80   sys_stackheap_outer.o
         2          0          0          0          0         68   use_no_semi.o
         2          0          0          0          0         68   use_no_semi_2.o
        98          4          0          0          0         92   d2f.o
       826         16          0          0          0        356   daddsub_clz.o
        24          0          0          0          0         68   dcmpi.o
       688        140          0          0          0        212   ddiv.o
        90          4          0          0          0         92   dfixu.o
       120          4          0          0          0         92   dleqf.o
       340         12          0          0          0        104   dmul.o
       156          4          0          0          0         92   dnaninf.o
        12          0          0          0          0         68   dretinf.o
       108          0          0          0          0         80   drleqf.o
        86          4          0          0          0         84   f2d.o
       388         76          0          0          0         96   fdiv.o
        62          4          0          0          0         84   ffixu.o
        38          0          0          0          0         68   fflt_clz.o
       258          4          0          0          0         84   fmul.o
       140          4          0          0          0         84   fnaninf.o
        10          0          0          0          0         68   fretinf.o
         0          0          0          0          0          0   usenofp.o

    ----------------------------------------------------------------------
      3716        288          0          0         96       2400   Library Totals
        16          0          0          0          0          0   (incl. Padding)

    ----------------------------------------------------------------------

      Code (inc. data)   RO Data    RW Data    ZI Data      Debug   Library Name

       256         12          0          0         96        576   c_w.l
      3444        276          0          0          0       1824   fz_ws.l

    ----------------------------------------------------------------------
      3716        288          0          0         96       2400   Library Totals

    ----------------------------------------------------------------------

==============================================================================


      Code (inc. data)   RO Data    RW Data    ZI Data      Debug   

     18968       1102        336        100       1644     351484   Grand Totals
     18968       1102        336        100       1644     351484   ELF Image Totals
     18968       1102        336        100          0          0   ROM Totals

==============================================================================

    Total RO  Size (Code + RO Data)                19304 (  18.85kB)
    Total RW  Size (RW Data + ZI Data)              1744 (   1.70kB)
    Total ROM Size (Code + RO Data + RW Data)      19404 (  18.95kB)

==============================================================================

